label=sess01_pos3_ptx_f16x2_g48_s1024:runner
started_at=2026-07-25T12:24:18+09:00
command=python3 scripts/run_softmax_operand_rate_atc.py --binary build-softmax/a100_fp16_softmax_energy --gpu-id 0 --target-profile rtx3090 --exp-impl ptx_f16x2 --softmax-cols 1024 --blocks-per-sm 2 --grid-blocks-list 48 --control-mode probe --logit-scale 4.0 --seconds 13.0 --idle-measure-seconds 1.0 --pairs 6 --bracket-warmup-pairs 1 --execution-mode persistent_bracket --bracket-idle-policy batch_once --bracket-order counterbalanced6 --preheat-seconds 20.0 --preheat-actual-min-seconds 16.0 --preheat-actual-max-seconds 30.0 --conditions cache_reuse_candidate --cache-policy default --energy-trace 1 --energy-trace-sample-ms 500.0 --energy-trace-min-updates 16 --tag targeted_g48s1024_confirm_v1_20260725_sess01_pos3_ptx_f16x2_g48_s1024 --out-dir results/raw --max-gpu-util-pct 10.0 --max-memory-util-pct 15.0 --quiescence-timeout-s 60.0 --quiescence-poll-s 1.0 --quiescence-consecutive-samples 2
+ build-softmax/a100_fp16_softmax_energy --mode full --gpu-id 0 --target-profile rtx3090 --exp-impl ptx_f16x2 --softmax-cols 1024 --blocks-per-sm 2 --seconds 13.0 --idle-measure-seconds 1.0 --logit-scale 4.0 --cache-condition cache_reuse_candidate --cache-policy default --grid-blocks 48 --dry-run
gpu_name=NVIDIA GeForce RTX 3090
compute_capability=8.6
cuda_pci_bus_id=0000:01:00.0
cuda_binary_arch=86
runtime_sm_count=82
runtime_l2_bytes=6291456
grid_blocks=48
grid_blocks_source=explicit
row_tiles_per_block=1
tile_stride=1
working_set_bytes=196608
exp_impl=ptx_ex2_approx_f16x2
exp_input_dtype=fp16x2_packed_b32
special_function_path=direct_inline_ptx_ex2_approx_f16x2
exp_ptx_instruction=ex2.approx.f16x2
exp_results_per_ptx_instruction=2
sass_mufu_ex2_per_ptx_instruction_model=2
sass_lowering_model_status=cuda_13_2_sm80_sm86_scalarized_requires_final_binary_gate
expected_control_ex2_scalar_results_per_cta_iter=1024
expected_treatment_ex2_scalar_results_per_cta_iter=2048
expected_probe_ex2_scalar_results_per_cta_iter=1024
expected_control_ex2_ptx_instructions_per_cta_iter=512
expected_treatment_ex2_ptx_instructions_per_cta_iter=1024
expected_probe_ex2_ptx_instructions_per_cta_iter=512
xu_documented_results_per_sm_cycle=0
expected_control_xu_thread_ops_per_cta_iter=1280
expected_treatment_xu_thread_ops_per_cta_iter=2304
expected_probe_xu_thread_ops_per_cta_iter=1024
ideal_control_xu_cycles_per_cta_iter=0
ideal_treatment_xu_cycles_per_cta_iter=0
ideal_probe_xu_cycles_per_cta_iter=0
measurement_purpose=energy_atc
occupancy_max_blocks_per_sm=6
static_single_wave_capacity_blocks=492
static_single_wave_capacity_gate_pass=1
occupancy_gate_pass=1
smid_sparse_id_self_check=pass
+ build-softmax/a100_fp16_softmax_energy --mode full --gpu-id 0 --target-profile rtx3090 --exp-impl ptx_f16x2 --softmax-cols 1024 --blocks-per-sm 2 --seconds 13.0 --idle-measure-seconds 1.0 --logit-scale 4.0 --cache-condition cache_reuse_candidate --cache-policy default --grid-blocks 48 --validate-only
gpu_name=NVIDIA GeForce RTX 3090
compute_capability=8.6
cuda_pci_bus_id=0000:01:00.0
cuda_binary_arch=86
runtime_sm_count=82
runtime_l2_bytes=6291456
grid_blocks=48
grid_blocks_source=explicit
row_tiles_per_block=1
tile_stride=1
working_set_bytes=196608
exp_impl=ptx_ex2_approx_f16x2
exp_input_dtype=fp16x2_packed_b32
special_function_path=direct_inline_ptx_ex2_approx_f16x2
exp_ptx_instruction=ex2.approx.f16x2
exp_results_per_ptx_instruction=2
sass_mufu_ex2_per_ptx_instruction_model=2
sass_lowering_model_status=cuda_13_2_sm80_sm86_scalarized_requires_final_binary_gate
expected_control_ex2_scalar_results_per_cta_iter=1024
expected_treatment_ex2_scalar_results_per_cta_iter=2048
expected_probe_ex2_scalar_results_per_cta_iter=1024
expected_control_ex2_ptx_instructions_per_cta_iter=512
expected_treatment_ex2_ptx_instructions_per_cta_iter=1024
expected_probe_ex2_ptx_instructions_per_cta_iter=512
xu_documented_results_per_sm_cycle=0
expected_control_xu_thread_ops_per_cta_iter=1280
expected_treatment_xu_thread_ops_per_cta_iter=2304
expected_probe_xu_thread_ops_per_cta_iter=1024
ideal_control_xu_cycles_per_cta_iter=0
ideal_treatment_xu_cycles_per_cta_iter=0
ideal_probe_xu_cycles_per_cta_iter=0
measurement_purpose=energy_atc
occupancy_max_blocks_per_sm=6
static_single_wave_capacity_blocks=492
static_single_wave_capacity_gate_pass=1
occupancy_gate_pass=1
smid_sparse_id_self_check=pass
numerical_check_id=fp16_softmax_cpu_fp64_native_ex2_v1_pass exp_impl=ptx_ex2_approx_f16x2 max_abs_error=1.34815e-05 max_row_sum_error=0.000152588 control_treatment_bit_identical=true
native_ex2_validation_id=ptx_ex2_f16_all_encodings_v1_pass packed_scalar_bit_mismatch_count=0 nan_classification_failure_count=0 normal_result_count=38657 subnormal_result_count=768 zero_result_count=11776 infinity_result_count=12289 max_normal_relative_error=0.000975214 documented_relative_error_bound=0.00104665 corner_cases_ok=true
+ build-softmax/a100_fp16_softmax_energy --mode full --gpu-id 0 --target-profile rtx3090 --exp-impl ptx_f16x2 --softmax-cols 1024 --blocks-per-sm 2 --seconds 13.0 --idle-measure-seconds 1.0 --logit-scale 4.0 --cache-condition cache_reuse_candidate --cache-policy default --grid-blocks 48 --extra-exp-probe 1 --calibrate-only
gpu_name=NVIDIA GeForce RTX 3090
compute_capability=8.6
cuda_pci_bus_id=0000:01:00.0
cuda_binary_arch=86
runtime_sm_count=82
runtime_l2_bytes=6291456
grid_blocks=48
grid_blocks_source=explicit
row_tiles_per_block=1
tile_stride=1
working_set_bytes=196608
exp_impl=ptx_ex2_approx_f16x2
exp_input_dtype=fp16x2_packed_b32
special_function_path=direct_inline_ptx_ex2_approx_f16x2
exp_ptx_instruction=ex2.approx.f16x2
exp_results_per_ptx_instruction=2
sass_mufu_ex2_per_ptx_instruction_model=2
sass_lowering_model_status=cuda_13_2_sm80_sm86_scalarized_requires_final_binary_gate
expected_control_ex2_scalar_results_per_cta_iter=1024
expected_treatment_ex2_scalar_results_per_cta_iter=2048
expected_probe_ex2_scalar_results_per_cta_iter=1024
expected_control_ex2_ptx_instructions_per_cta_iter=512
expected_treatment_ex2_ptx_instructions_per_cta_iter=1024
expected_probe_ex2_ptx_instructions_per_cta_iter=512
xu_documented_results_per_sm_cycle=0
expected_control_xu_thread_ops_per_cta_iter=1280
expected_treatment_xu_thread_ops_per_cta_iter=2304
expected_probe_xu_thread_ops_per_cta_iter=1024
ideal_control_xu_cycles_per_cta_iter=0
ideal_treatment_xu_cycles_per_cta_iter=0
ideal_probe_xu_cycles_per_cta_iter=0
measurement_purpose=energy_atc
occupancy_max_blocks_per_sm=6
static_single_wave_capacity_blocks=492
static_single_wave_capacity_gate_pass=1
occupancy_gate_pass=1
smid_sparse_id_self_check=pass
calibrated_iters=15026444 trial_iters=66028 trial_elapsed_s=0.0599797
condition=cache_reuse_candidate grid_blocks=48 common_full_iters=15026444
+ build-softmax/a100_fp16_softmax_energy --mode full --gpu-id 0 --target-profile rtx3090 --exp-impl ptx_f16x2 --softmax-cols 1024 --blocks-per-sm 2 --seconds 13.0 --idle-measure-seconds 1.0 --logit-scale 4.0 --cache-condition cache_reuse_candidate --cache-policy default --grid-blocks 48 --iters 23117607 --output results/raw/rtx3090_fp16_softmax_operand_rate_atc_targeted_g48s1024_confirm_v1_20260725_sess01_pos3_ptx_f16x2_g48_s1024_ptx_f16x2_cache_reuse_candidate_g48_preheat.csv --pair-id preheat_targeted_g48s1024_confirm_v1_20260725_sess01_pos3_ptx_f16x2_g48_s1024_cache_reuse_candidate_g48 --role preheat --repeat-index -1 --sequence-index -1 --extra-exp-probe 1 --energy-trace 0 --numerical-check-id fp16_softmax_cpu_fp64_native_ex2_v1_pass --binary-sha256 eeda8c0a1df3628d04c5bf15a486ba3dd0fc43935fbc51a18505a1dffb409b66
gpu_name=NVIDIA GeForce RTX 3090
compute_capability=8.6
cuda_pci_bus_id=0000:01:00.0
cuda_binary_arch=86
runtime_sm_count=82
runtime_l2_bytes=6291456
grid_blocks=48
grid_blocks_source=explicit
row_tiles_per_block=1
tile_stride=1
working_set_bytes=196608
exp_impl=ptx_ex2_approx_f16x2
exp_input_dtype=fp16x2_packed_b32
special_function_path=direct_inline_ptx_ex2_approx_f16x2
exp_ptx_instruction=ex2.approx.f16x2
exp_results_per_ptx_instruction=2
sass_mufu_ex2_per_ptx_instruction_model=2
sass_lowering_model_status=cuda_13_2_sm80_sm86_scalarized_requires_final_binary_gate
expected_control_ex2_scalar_results_per_cta_iter=1024
expected_treatment_ex2_scalar_results_per_cta_iter=2048
expected_probe_ex2_scalar_results_per_cta_iter=1024
expected_control_ex2_ptx_instructions_per_cta_iter=512
expected_treatment_ex2_ptx_instructions_per_cta_iter=1024
expected_probe_ex2_ptx_instructions_per_cta_iter=512
xu_documented_results_per_sm_cycle=0
expected_control_xu_thread_ops_per_cta_iter=1280
expected_treatment_xu_thread_ops_per_cta_iter=2304
expected_probe_xu_thread_ops_per_cta_iter=1024
ideal_control_xu_cycles_per_cta_iter=0
ideal_treatment_xu_cycles_per_cta_iter=0
ideal_probe_xu_cycles_per_cta_iter=0
measurement_purpose=energy_atc
occupancy_max_blocks_per_sm=6
static_single_wave_capacity_blocks=492
static_single_wave_capacity_gate_pass=1
occupancy_gate_pass=1
smid_sparse_id_self_check=pass
run_id=softmax_1784949860552_softmax_full_f16io_f32acc_ptx_ex2_approx_f16x2_r0 mode=softmax_full_f16io_f32acc extra_exp_probe=1 ITER=23117607 elapsed_s=19.0537 trace_power_W=0 trace_status=disabled_endpoint_only delta_E_J=4551.96 net_E_J=2091.23 smid_ok=1
condition=cache_reuse_candidate grid_blocks=48 thermal_preheat_seconds=20.0 thermal_preheat_iters=23117607
+ build-softmax/a100_fp16_softmax_energy --mode full --gpu-id 0 --target-profile rtx3090 --exp-impl ptx_f16x2 --softmax-cols 1024 --blocks-per-sm 2 --seconds 13.0 --idle-measure-seconds 1.0 --logit-scale 4.0 --cache-condition cache_reuse_candidate --cache-policy default --grid-blocks 48 --iters 15026444 --output results/raw/rtx3090_fp16_softmax_operand_rate_atc_targeted_g48s1024_confirm_v1_20260725_sess01_pos3_ptx_f16x2_g48_s1024_ptx_f16x2_raw.csv --bracket-control probe --bracket-pairs 6 --bracket-warmup-pairs 1 --pair-prefix softmax_oratc_targeted_g48s1024_confirm_v1_20260725_sess01_pos3_ptx_f16x2_g48_s1024_cache_reuse_candidate_probe_ptx_f16x2_g48_s00 --bracket-idle-policy batch_once --bracket-order counterbalanced6 --extra-exp-probe 0 --energy-trace 1 --energy-trace-sample-ms 500.0 --energy-trace-min-updates 16 --energy-trace-output results/raw/rtx3090_fp16_softmax_operand_rate_atc_targeted_g48s1024_confirm_v1_20260725_sess01_pos3_ptx_f16x2_g48_s1024_ptx_f16x2_raw_energy_trace.csv --numerical-check-id fp16_softmax_cpu_fp64_native_ex2_v1_pass --binary-sha256 eeda8c0a1df3628d04c5bf15a486ba3dd0fc43935fbc51a18505a1dffb409b66
gpu_name=NVIDIA GeForce RTX 3090
compute_capability=8.6
cuda_pci_bus_id=0000:01:00.0
cuda_binary_arch=86
runtime_sm_count=82
runtime_l2_bytes=6291456
grid_blocks=48
grid_blocks_source=explicit
row_tiles_per_block=1
tile_stride=1
working_set_bytes=196608
exp_impl=ptx_ex2_approx_f16x2
exp_input_dtype=fp16x2_packed_b32
special_function_path=direct_inline_ptx_ex2_approx_f16x2
exp_ptx_instruction=ex2.approx.f16x2
exp_results_per_ptx_instruction=2
sass_mufu_ex2_per_ptx_instruction_model=2
sass_lowering_model_status=cuda_13_2_sm80_sm86_scalarized_requires_final_binary_gate
expected_control_ex2_scalar_results_per_cta_iter=1024
expected_treatment_ex2_scalar_results_per_cta_iter=2048
expected_probe_ex2_scalar_results_per_cta_iter=1024
expected_control_ex2_ptx_instructions_per_cta_iter=512
expected_treatment_ex2_ptx_instructions_per_cta_iter=1024
expected_probe_ex2_ptx_instructions_per_cta_iter=512
xu_documented_results_per_sm_cycle=0
expected_control_xu_thread_ops_per_cta_iter=1280
expected_treatment_xu_thread_ops_per_cta_iter=2304
expected_probe_xu_thread_ops_per_cta_iter=1024
ideal_control_xu_cycles_per_cta_iter=0
ideal_treatment_xu_cycles_per_cta_iter=0
ideal_probe_xu_cycles_per_cta_iter=0
measurement_purpose=energy_atc
occupancy_max_blocks_per_sm=6
static_single_wave_capacity_blocks=492
static_single_wave_capacity_gate_pass=1
occupancy_gate_pass=1
smid_sparse_id_self_check=pass
unrecorded_bracket_warmup_pairs=1
run_id=softmax_1784949920149_softmax_full_f16io_f32acc_ptx_ex2_approx_f16x2_r0 mode=softmax_full_f16io_f32acc pair_id=softmax_oratc_targeted_g48s1024_confirm_v1_20260725_sess01_pos3_ptx_f16x2_g48_s1024_cache_reuse_candidate_probe_ptx_f16x2_g48_s00_p00 role=probe_before extra_exp_probe=0 ITER=15026444 elapsed_s=12.3714 gap_s=-1 trace_power_W=235.607 trace_status=pass delta_E_J=2914.78 net_E_J=1438.38 smid_ok=1
run_id=softmax_1784949932534_softmax_full_f16io_f32acc_ptx_ex2_approx_f16x2_r0 mode=softmax_full_f16io_f32acc pair_id=softmax_oratc_targeted_g48s1024_confirm_v1_20260725_sess01_pos3_ptx_f16x2_g48_s1024_cache_reuse_candidate_probe_ptx_f16x2_g48_s00_p00 role=full extra_exp_probe=1 ITER=15026444 elapsed_s=12.3872 gap_s=0.0128983 trace_power_W=237.62 trace_status=pass delta_E_J=2943.45 net_E_J=1465.16 smid_ok=1
run_id=softmax_1784949944935_softmax_full_f16io_f32acc_ptx_ex2_approx_f16x2_r0 mode=softmax_full_f16io_f32acc pair_id=softmax_oratc_targeted_g48s1024_confirm_v1_20260725_sess01_pos3_ptx_f16x2_g48_s1024_cache_reuse_candidate_probe_ptx_f16x2_g48_s00_p00 role=probe_after extra_exp_probe=0 ITER=15026444 elapsed_s=12.3694 gap_s=0.0128356 trace_power_W=236.878 trace_status=pass delta_E_J=2930.05 net_E_J=1453.88 smid_ok=1
run_id=softmax_1784949957315_softmax_full_f16io_f32acc_ptx_ex2_approx_f16x2_r1 mode=softmax_full_f16io_f32acc pair_id=softmax_oratc_targeted_g48s1024_confirm_v1_20260725_sess01_pos3_ptx_f16x2_g48_s1024_cache_reuse_candidate_probe_ptx_f16x2_g48_s00_p01 role=full_before extra_exp_probe=1 ITER=15026444 elapsed_s=12.381 gap_s=0.0104906 trace_power_W=234.899 trace_status=pass delta_E_J=2908.28 net_E_J=1430.74 smid_ok=1
run_id=softmax_1784949969707_softmax_full_f16io_f32acc_ptx_ex2_approx_f16x2_r1 mode=softmax_full_f16io_f32acc pair_id=softmax_oratc_targeted_g48s1024_confirm_v1_20260725_sess01_pos3_ptx_f16x2_g48_s1024_cache_reuse_candidate_probe_ptx_f16x2_g48_s00_p01 role=probe_middle extra_exp_probe=0 ITER=15026444 elapsed_s=12.3773 gap_s=0.0107566 trace_power_W=233.425 trace_status=pass delta_E_J=2889.18 net_E_J=1412.07 smid_ok=1
run_id=softmax_1784949982098_softmax_full_f16io_f32acc_ptx_ex2_approx_f16x2_r1 mode=softmax_full_f16io_f32acc pair_id=softmax_oratc_targeted_g48s1024_confirm_v1_20260725_sess01_pos3_ptx_f16x2_g48_s1024_cache_reuse_candidate_probe_ptx_f16x2_g48_s00_p01 role=full_after extra_exp_probe=1 ITER=15026444 elapsed_s=12.3892 gap_s=0.0133144 trace_power_W=234.362 trace_status=pass delta_E_J=2903.54 net_E_J=1425.02 smid_ok=1
run_id=softmax_1784949994499_softmax_full_f16io_f32acc_ptx_ex2_approx_f16x2_r2 mode=softmax_full_f16io_f32acc pair_id=softmax_oratc_targeted_g48s1024_confirm_v1_20260725_sess01_pos3_ptx_f16x2_g48_s1024_cache_reuse_candidate_probe_ptx_f16x2_g48_s00_p02 role=full_before extra_exp_probe=1 ITER=15026444 elapsed_s=12.3938 gap_s=0.0122584 trace_power_W=235.131 trace_status=pass delta_E_J=2914.17 net_E_J=1435.09 smid_ok=1
run_id=softmax_1784950006907_softmax_full_f16io_f32acc_ptx_ex2_approx_f16x2_r2 mode=softmax_full_f16io_f32acc pair_id=softmax_oratc_targeted_g48s1024_confirm_v1_20260725_sess01_pos3_ptx_f16x2_g48_s1024_cache_reuse_candidate_probe_ptx_f16x2_g48_s00_p02 role=probe_middle extra_exp_probe=0 ITER=15026444 elapsed_s=12.3543 gap_s=0.0133405 trace_power_W=235.115 trace_status=pass delta_E_J=2904.68 net_E_J=1430.32 smid_ok=1
run_id=softmax_1784950019271_softmax_full_f16io_f32acc_ptx_ex2_approx_f16x2_r2 mode=softmax_full_f16io_f32acc pair_id=softmax_oratc_targeted_g48s1024_confirm_v1_20260725_sess01_pos3_ptx_f16x2_g48_s1024_cache_reuse_candidate_probe_ptx_f16x2_g48_s00_p02 role=full_after extra_exp_probe=1 ITER=15026444 elapsed_s=12.3973 gap_s=0.0101746 trace_power_W=235.295 trace_status=pass delta_E_J=2917.03 net_E_J=1437.53 smid_ok=1
run_id=softmax_1784950031682_softmax_full_f16io_f32acc_ptx_ex2_approx_f16x2_r3 mode=softmax_full_f16io_f32acc pair_id=softmax_oratc_targeted_g48s1024_confirm_v1_20260725_sess01_pos3_ptx_f16x2_g48_s1024_cache_reuse_candidate_probe_ptx_f16x2_g48_s00_p03 role=probe_before extra_exp_probe=0 ITER=15026444 elapsed_s=12.3682 gap_s=0.01352 trace_power_W=233.526 trace_status=pass delta_E_J=2888.29 net_E_J=1412.27 smid_ok=1
run_id=softmax_1784950044064_softmax_full_f16io_f32acc_ptx_ex2_approx_f16x2_r3 mode=softmax_full_f16io_f32acc pair_id=softmax_oratc_targeted_g48s1024_confirm_v1_20260725_sess01_pos3_ptx_f16x2_g48_s1024_cache_reuse_candidate_probe_ptx_f16x2_g48_s00_p03 role=full extra_exp_probe=1 ITER=15026444 elapsed_s=12.3994 gap_s=0.0126949 trace_power_W=235.099 trace_status=pass delta_E_J=2915.08 net_E_J=1435.34 smid_ok=1
run_id=softmax_1784950056476_softmax_full_f16io_f32acc_ptx_ex2_approx_f16x2_r3 mode=softmax_full_f16io_f32acc pair_id=softmax_oratc_targeted_g48s1024_confirm_v1_20260725_sess01_pos3_ptx_f16x2_g48_s1024_cache_reuse_candidate_probe_ptx_f16x2_g48_s00_p03 role=probe_after extra_exp_probe=0 ITER=15026444 elapsed_s=12.3569 gap_s=0.0126311 trace_power_W=233.738 trace_status=pass delta_E_J=2888.28 net_E_J=1413.61 smid_ok=1
run_id=softmax_1784950068847_softmax_full_f16io_f32acc_ptx_ex2_approx_f16x2_r4 mode=softmax_full_f16io_f32acc pair_id=softmax_oratc_targeted_g48s1024_confirm_v1_20260725_sess01_pos3_ptx_f16x2_g48_s1024_cache_reuse_candidate_probe_ptx_f16x2_g48_s00_p04 role=probe_before extra_exp_probe=0 ITER=15026444 elapsed_s=12.3723 gap_s=0.0142802 trace_power_W=233.28 trace_status=pass delta_E_J=2886.22 net_E_J=1409.7 smid_ok=1
run_id=softmax_1784950081232_softmax_full_f16io_f32acc_ptx_ex2_approx_f16x2_r4 mode=softmax_full_f16io_f32acc pair_id=softmax_oratc_targeted_g48s1024_confirm_v1_20260725_sess01_pos3_ptx_f16x2_g48_s1024_cache_reuse_candidate_probe_ptx_f16x2_g48_s00_p04 role=full extra_exp_probe=1 ITER=15026444 elapsed_s=12.3886 gap_s=0.0120358 trace_power_W=235.046 trace_status=pass delta_E_J=2911.9 net_E_J=1433.44 smid_ok=1
run_id=softmax_1784950093631_softmax_full_f16io_f32acc_ptx_ex2_approx_f16x2_r4 mode=softmax_full_f16io_f32acc pair_id=softmax_oratc_targeted_g48s1024_confirm_v1_20260725_sess01_pos3_ptx_f16x2_g48_s1024_cache_reuse_candidate_probe_ptx_f16x2_g48_s00_p04 role=probe_after extra_exp_probe=0 ITER=15026444 elapsed_s=12.3696 gap_s=0.0105996 trace_power_W=233.571 trace_status=pass delta_E_J=2889.19 net_E_J=1413 smid_ok=1
run_id=softmax_1784950106012_softmax_full_f16io_f32acc_ptx_ex2_approx_f16x2_r5 mode=softmax_full_f16io_f32acc pair_id=softmax_oratc_targeted_g48s1024_confirm_v1_20260725_sess01_pos3_ptx_f16x2_g48_s1024_cache_reuse_candidate_probe_ptx_f16x2_g48_s00_p05 role=full_before extra_exp_probe=1 ITER=15026444 elapsed_s=12.3846 gap_s=0.0104439 trace_power_W=234.965 trace_status=pass delta_E_J=2909.95 net_E_J=1431.97 smid_ok=1
run_id=softmax_1784950118407_softmax_full_f16io_f32acc_ptx_ex2_approx_f16x2_r5 mode=softmax_full_f16io_f32acc pair_id=softmax_oratc_targeted_g48s1024_confirm_v1_20260725_sess01_pos3_ptx_f16x2_g48_s1024_cache_reuse_candidate_probe_ptx_f16x2_g48_s00_p05 role=probe_middle extra_exp_probe=0 ITER=15026444 elapsed_s=12.3719 gap_s=0.0105327 trace_power_W=233.428 trace_status=pass delta_E_J=2887.96 net_E_J=1411.49 smid_ok=1
run_id=softmax_1784950130792_softmax_full_f16io_f32acc_ptx_ex2_approx_f16x2_r5 mode=softmax_full_f16io_f32acc pair_id=softmax_oratc_targeted_g48s1024_confirm_v1_20260725_sess01_pos3_ptx_f16x2_g48_s1024_cache_reuse_candidate_probe_ptx_f16x2_g48_s00_p05 role=full_after extra_exp_probe=1 ITER=15026444 elapsed_s=12.3941 gap_s=0.0130301 trace_power_W=236.341 trace_status=pass delta_E_J=2929.23 net_E_J=1450.12 smid_ok=1
raw_csv=results/raw/rtx3090_fp16_softmax_operand_rate_atc_targeted_g48s1024_confirm_v1_20260725_sess01_pos3_ptx_f16x2_g48_s1024_ptx_f16x2_raw.csv
manifest_csv=results/raw/rtx3090_fp16_softmax_operand_rate_atc_targeted_g48s1024_confirm_v1_20260725_sess01_pos3_ptx_f16x2_g48_s1024_ptx_f16x2_manifest.csv
energy_trace_csv=results/raw/rtx3090_fp16_softmax_operand_rate_atc_targeted_g48s1024_confirm_v1_20260725_sess01_pos3_ptx_f16x2_g48_s1024_ptx_f16x2_raw_energy_trace.csv
binary_sha256=eeda8c0a1df3628d04c5bf15a486ba3dd0fc43935fbc51a18505a1dffb409b66

analyzer_command=python3 scripts/analyze_softmax_probe_counterbalanced.py --input results/raw/rtx3090_fp16_softmax_operand_rate_atc_targeted_g48s1024_confirm_v1_20260725_sess01_pos3_ptx_f16x2_g48_s1024_ptx_f16x2_raw.csv --energy-trace-input results/raw/rtx3090_fp16_softmax_operand_rate_atc_targeted_g48s1024_confirm_v1_20260725_sess01_pos3_ptx_f16x2_g48_s1024_ptx_f16x2_raw_energy_trace.csv --manifest results/raw/rtx3090_fp16_softmax_operand_rate_atc_targeted_g48s1024_confirm_v1_20260725_sess01_pos3_ptx_f16x2_g48_s1024_ptx_f16x2_manifest.csv --exp-impl ptx_f16x2 --grid-blocks 48 --triplet-out results/summary/rtx3090_softmax_ex2_targeted_targeted_g48s1024_confirm_v1_20260725_sess01_pos3_ptx_f16x2_g48_s1024_triplets.csv --matched-out results/summary/rtx3090_softmax_ex2_targeted_targeted_g48s1024_confirm_v1_20260725_sess01_pos3_ptx_f16x2_g48_s1024_matched.csv --summary-out results/summary/rtx3090_softmax_ex2_targeted_targeted_g48s1024_confirm_v1_20260725_sess01_pos3_ptx_f16x2_g48_s1024_summary.csv --report-out docs/results/rtx3090_softmax_ex2_targeted_targeted_g48s1024_confirm_v1_20260725_sess01_pos3_ptx_f16x2_g48_s1024_ko.md --decision-stage pilot --energy-trace-min-fit-points 16 --bootstrap-samples 4000 --seed 20263752
triplet_out=results/summary/rtx3090_softmax_ex2_targeted_targeted_g48s1024_confirm_v1_20260725_sess01_pos3_ptx_f16x2_g48_s1024_triplets.csv
matched_out=results/summary/rtx3090_softmax_ex2_targeted_targeted_g48s1024_confirm_v1_20260725_sess01_pos3_ptx_f16x2_g48_s1024_matched.csv
summary_out=results/summary/rtx3090_softmax_ex2_targeted_targeted_g48s1024_confirm_v1_20260725_sess01_pos3_ptx_f16x2_g48_s1024_summary.csv
verdict=not_identified
