label=sess01_pos2_ptx_f16_g48_s1024:runner
started_at=2026-07-25T12:19:31+09:00
command=python3 scripts/run_softmax_operand_rate_atc.py --binary build-softmax/a100_fp16_softmax_energy --gpu-id 0 --target-profile rtx3090 --exp-impl ptx_f16 --softmax-cols 1024 --blocks-per-sm 2 --grid-blocks-list 48 --control-mode probe --logit-scale 4.0 --seconds 13.0 --idle-measure-seconds 1.0 --pairs 6 --bracket-warmup-pairs 1 --execution-mode persistent_bracket --bracket-idle-policy batch_once --bracket-order counterbalanced6 --preheat-seconds 20.0 --preheat-actual-min-seconds 16.0 --preheat-actual-max-seconds 30.0 --conditions cache_reuse_candidate --cache-policy default --energy-trace 1 --energy-trace-sample-ms 500.0 --energy-trace-min-updates 16 --tag targeted_g48s1024_confirm_v1_20260725_sess01_pos2_ptx_f16_g48_s1024 --out-dir results/raw --max-gpu-util-pct 10.0 --max-memory-util-pct 15.0 --quiescence-timeout-s 60.0 --quiescence-poll-s 1.0 --quiescence-consecutive-samples 2
+ build-softmax/a100_fp16_softmax_energy --mode full --gpu-id 0 --target-profile rtx3090 --exp-impl ptx_f16 --softmax-cols 1024 --blocks-per-sm 2 --seconds 13.0 --idle-measure-seconds 1.0 --logit-scale 4.0 --cache-condition cache_reuse_candidate --cache-policy default --grid-blocks 48 --dry-run
gpu_name=NVIDIA GeForce RTX 3090
compute_capability=8.6
cuda_pci_bus_id=0000:01:00.0
cuda_binary_arch=86
runtime_sm_count=82
runtime_l2_bytes=6291456
grid_blocks=48
grid_blocks_source=explicit
row_tiles_per_block=1
tile_stride=1
working_set_bytes=196608
exp_impl=ptx_ex2_approx_f16
exp_input_dtype=fp16
special_function_path=direct_inline_ptx_ex2_approx_f16
exp_ptx_instruction=ex2.approx.f16
exp_results_per_ptx_instruction=1
sass_mufu_ex2_per_ptx_instruction_model=1
sass_lowering_model_status=cuda_13_2_sm80_sm86_observed_requires_final_binary_gate
expected_control_ex2_scalar_results_per_cta_iter=1024
expected_treatment_ex2_scalar_results_per_cta_iter=2048
expected_probe_ex2_scalar_results_per_cta_iter=1024
expected_control_ex2_ptx_instructions_per_cta_iter=1024
expected_treatment_ex2_ptx_instructions_per_cta_iter=2048
expected_probe_ex2_ptx_instructions_per_cta_iter=1024
xu_documented_results_per_sm_cycle=0
expected_control_xu_thread_ops_per_cta_iter=1280
expected_treatment_xu_thread_ops_per_cta_iter=2304
expected_probe_xu_thread_ops_per_cta_iter=1024
ideal_control_xu_cycles_per_cta_iter=0
ideal_treatment_xu_cycles_per_cta_iter=0
ideal_probe_xu_cycles_per_cta_iter=0
measurement_purpose=energy_atc
occupancy_max_blocks_per_sm=6
static_single_wave_capacity_blocks=492
static_single_wave_capacity_gate_pass=1
occupancy_gate_pass=1
smid_sparse_id_self_check=pass
+ build-softmax/a100_fp16_softmax_energy --mode full --gpu-id 0 --target-profile rtx3090 --exp-impl ptx_f16 --softmax-cols 1024 --blocks-per-sm 2 --seconds 13.0 --idle-measure-seconds 1.0 --logit-scale 4.0 --cache-condition cache_reuse_candidate --cache-policy default --grid-blocks 48 --validate-only
gpu_name=NVIDIA GeForce RTX 3090
compute_capability=8.6
cuda_pci_bus_id=0000:01:00.0
cuda_binary_arch=86
runtime_sm_count=82
runtime_l2_bytes=6291456
grid_blocks=48
grid_blocks_source=explicit
row_tiles_per_block=1
tile_stride=1
working_set_bytes=196608
exp_impl=ptx_ex2_approx_f16
exp_input_dtype=fp16
special_function_path=direct_inline_ptx_ex2_approx_f16
exp_ptx_instruction=ex2.approx.f16
exp_results_per_ptx_instruction=1
sass_mufu_ex2_per_ptx_instruction_model=1
sass_lowering_model_status=cuda_13_2_sm80_sm86_observed_requires_final_binary_gate
expected_control_ex2_scalar_results_per_cta_iter=1024
expected_treatment_ex2_scalar_results_per_cta_iter=2048
expected_probe_ex2_scalar_results_per_cta_iter=1024
expected_control_ex2_ptx_instructions_per_cta_iter=1024
expected_treatment_ex2_ptx_instructions_per_cta_iter=2048
expected_probe_ex2_ptx_instructions_per_cta_iter=1024
xu_documented_results_per_sm_cycle=0
expected_control_xu_thread_ops_per_cta_iter=1280
expected_treatment_xu_thread_ops_per_cta_iter=2304
expected_probe_xu_thread_ops_per_cta_iter=1024
ideal_control_xu_cycles_per_cta_iter=0
ideal_treatment_xu_cycles_per_cta_iter=0
ideal_probe_xu_cycles_per_cta_iter=0
measurement_purpose=energy_atc
occupancy_max_blocks_per_sm=6
static_single_wave_capacity_blocks=492
static_single_wave_capacity_gate_pass=1
occupancy_gate_pass=1
smid_sparse_id_self_check=pass
numerical_check_id=fp16_softmax_cpu_fp64_native_ex2_v1_pass exp_impl=ptx_ex2_approx_f16 max_abs_error=1.34815e-05 max_row_sum_error=0.000152588 control_treatment_bit_identical=true
native_ex2_validation_id=ptx_ex2_f16_all_encodings_v1_pass packed_scalar_bit_mismatch_count=0 nan_classification_failure_count=0 normal_result_count=38657 subnormal_result_count=768 zero_result_count=11776 infinity_result_count=12289 max_normal_relative_error=0.000975214 documented_relative_error_bound=0.00104665 corner_cases_ok=true
+ build-softmax/a100_fp16_softmax_energy --mode full --gpu-id 0 --target-profile rtx3090 --exp-impl ptx_f16 --softmax-cols 1024 --blocks-per-sm 2 --seconds 13.0 --idle-measure-seconds 1.0 --logit-scale 4.0 --cache-condition cache_reuse_candidate --cache-policy default --grid-blocks 48 --extra-exp-probe 1 --calibrate-only
gpu_name=NVIDIA GeForce RTX 3090
compute_capability=8.6
cuda_pci_bus_id=0000:01:00.0
cuda_binary_arch=86
runtime_sm_count=82
runtime_l2_bytes=6291456
grid_blocks=48
grid_blocks_source=explicit
row_tiles_per_block=1
tile_stride=1
working_set_bytes=196608
exp_impl=ptx_ex2_approx_f16
exp_input_dtype=fp16
special_function_path=direct_inline_ptx_ex2_approx_f16
exp_ptx_instruction=ex2.approx.f16
exp_results_per_ptx_instruction=1
sass_mufu_ex2_per_ptx_instruction_model=1
sass_lowering_model_status=cuda_13_2_sm80_sm86_observed_requires_final_binary_gate
expected_control_ex2_scalar_results_per_cta_iter=1024
expected_treatment_ex2_scalar_results_per_cta_iter=2048
expected_probe_ex2_scalar_results_per_cta_iter=1024
expected_control_ex2_ptx_instructions_per_cta_iter=1024
expected_treatment_ex2_ptx_instructions_per_cta_iter=2048
expected_probe_ex2_ptx_instructions_per_cta_iter=1024
xu_documented_results_per_sm_cycle=0
expected_control_xu_thread_ops_per_cta_iter=1280
expected_treatment_xu_thread_ops_per_cta_iter=2304
expected_probe_xu_thread_ops_per_cta_iter=1024
ideal_control_xu_cycles_per_cta_iter=0
ideal_treatment_xu_cycles_per_cta_iter=0
ideal_probe_xu_cycles_per_cta_iter=0
measurement_purpose=energy_atc
occupancy_max_blocks_per_sm=6
static_single_wave_capacity_blocks=492
static_single_wave_capacity_gate_pass=1
occupancy_gate_pass=1
smid_sparse_id_self_check=pass
calibrated_iters=15176349 trial_iters=64084 trial_elapsed_s=0.0576388
condition=cache_reuse_candidate grid_blocks=48 common_full_iters=15176349
+ build-softmax/a100_fp16_softmax_energy --mode full --gpu-id 0 --target-profile rtx3090 --exp-impl ptx_f16 --softmax-cols 1024 --blocks-per-sm 2 --seconds 13.0 --idle-measure-seconds 1.0 --logit-scale 4.0 --cache-condition cache_reuse_candidate --cache-policy default --grid-blocks 48 --iters 23348230 --output results/raw/rtx3090_fp16_softmax_operand_rate_atc_targeted_g48s1024_confirm_v1_20260725_sess01_pos2_ptx_f16_g48_s1024_ptx_f16_cache_reuse_candidate_g48_preheat.csv --pair-id preheat_targeted_g48s1024_confirm_v1_20260725_sess01_pos2_ptx_f16_g48_s1024_cache_reuse_candidate_g48 --role preheat --repeat-index -1 --sequence-index -1 --extra-exp-probe 1 --energy-trace 0 --numerical-check-id fp16_softmax_cpu_fp64_native_ex2_v1_pass --binary-sha256 eeda8c0a1df3628d04c5bf15a486ba3dd0fc43935fbc51a18505a1dffb409b66
gpu_name=NVIDIA GeForce RTX 3090
compute_capability=8.6
cuda_pci_bus_id=0000:01:00.0
cuda_binary_arch=86
runtime_sm_count=82
runtime_l2_bytes=6291456
grid_blocks=48
grid_blocks_source=explicit
row_tiles_per_block=1
tile_stride=1
working_set_bytes=196608
exp_impl=ptx_ex2_approx_f16
exp_input_dtype=fp16
special_function_path=direct_inline_ptx_ex2_approx_f16
exp_ptx_instruction=ex2.approx.f16
exp_results_per_ptx_instruction=1
sass_mufu_ex2_per_ptx_instruction_model=1
sass_lowering_model_status=cuda_13_2_sm80_sm86_observed_requires_final_binary_gate
expected_control_ex2_scalar_results_per_cta_iter=1024
expected_treatment_ex2_scalar_results_per_cta_iter=2048
expected_probe_ex2_scalar_results_per_cta_iter=1024
expected_control_ex2_ptx_instructions_per_cta_iter=1024
expected_treatment_ex2_ptx_instructions_per_cta_iter=2048
expected_probe_ex2_ptx_instructions_per_cta_iter=1024
xu_documented_results_per_sm_cycle=0
expected_control_xu_thread_ops_per_cta_iter=1280
expected_treatment_xu_thread_ops_per_cta_iter=2304
expected_probe_xu_thread_ops_per_cta_iter=1024
ideal_control_xu_cycles_per_cta_iter=0
ideal_treatment_xu_cycles_per_cta_iter=0
ideal_probe_xu_cycles_per_cta_iter=0
measurement_purpose=energy_atc
occupancy_max_blocks_per_sm=6
static_single_wave_capacity_blocks=492
static_single_wave_capacity_gate_pass=1
occupancy_gate_pass=1
smid_sparse_id_self_check=pass
run_id=softmax_1784949573588_softmax_full_f16io_f32acc_ptx_ex2_approx_f16_r0 mode=softmax_full_f16io_f32acc extra_exp_probe=1 ITER=23348230 elapsed_s=19.0687 trace_power_W=0 trace_status=disabled_endpoint_only delta_E_J=4551.64 net_E_J=2055.98 smid_ok=1
condition=cache_reuse_candidate grid_blocks=48 thermal_preheat_seconds=20.0 thermal_preheat_iters=23348230
+ build-softmax/a100_fp16_softmax_energy --mode full --gpu-id 0 --target-profile rtx3090 --exp-impl ptx_f16 --softmax-cols 1024 --blocks-per-sm 2 --seconds 13.0 --idle-measure-seconds 1.0 --logit-scale 4.0 --cache-condition cache_reuse_candidate --cache-policy default --grid-blocks 48 --iters 15176349 --output results/raw/rtx3090_fp16_softmax_operand_rate_atc_targeted_g48s1024_confirm_v1_20260725_sess01_pos2_ptx_f16_g48_s1024_ptx_f16_raw.csv --bracket-control probe --bracket-pairs 6 --bracket-warmup-pairs 1 --pair-prefix softmax_oratc_targeted_g48s1024_confirm_v1_20260725_sess01_pos2_ptx_f16_g48_s1024_cache_reuse_candidate_probe_ptx_f16_g48_s00 --bracket-idle-policy batch_once --bracket-order counterbalanced6 --extra-exp-probe 0 --energy-trace 1 --energy-trace-sample-ms 500.0 --energy-trace-min-updates 16 --energy-trace-output results/raw/rtx3090_fp16_softmax_operand_rate_atc_targeted_g48s1024_confirm_v1_20260725_sess01_pos2_ptx_f16_g48_s1024_ptx_f16_raw_energy_trace.csv --numerical-check-id fp16_softmax_cpu_fp64_native_ex2_v1_pass --binary-sha256 eeda8c0a1df3628d04c5bf15a486ba3dd0fc43935fbc51a18505a1dffb409b66
gpu_name=NVIDIA GeForce RTX 3090
compute_capability=8.6
cuda_pci_bus_id=0000:01:00.0
cuda_binary_arch=86
runtime_sm_count=82
runtime_l2_bytes=6291456
grid_blocks=48
grid_blocks_source=explicit
row_tiles_per_block=1
tile_stride=1
working_set_bytes=196608
exp_impl=ptx_ex2_approx_f16
exp_input_dtype=fp16
special_function_path=direct_inline_ptx_ex2_approx_f16
exp_ptx_instruction=ex2.approx.f16
exp_results_per_ptx_instruction=1
sass_mufu_ex2_per_ptx_instruction_model=1
sass_lowering_model_status=cuda_13_2_sm80_sm86_observed_requires_final_binary_gate
expected_control_ex2_scalar_results_per_cta_iter=1024
expected_treatment_ex2_scalar_results_per_cta_iter=2048
expected_probe_ex2_scalar_results_per_cta_iter=1024
expected_control_ex2_ptx_instructions_per_cta_iter=1024
expected_treatment_ex2_ptx_instructions_per_cta_iter=2048
expected_probe_ex2_ptx_instructions_per_cta_iter=1024
xu_documented_results_per_sm_cycle=0
expected_control_xu_thread_ops_per_cta_iter=1280
expected_treatment_xu_thread_ops_per_cta_iter=2304
expected_probe_xu_thread_ops_per_cta_iter=1024
ideal_control_xu_cycles_per_cta_iter=0
ideal_treatment_xu_cycles_per_cta_iter=0
ideal_probe_xu_cycles_per_cta_iter=0
measurement_purpose=energy_atc
occupancy_max_blocks_per_sm=6
static_single_wave_capacity_blocks=492
static_single_wave_capacity_gate_pass=1
occupancy_gate_pass=1
smid_sparse_id_self_check=pass
unrecorded_bracket_warmup_pairs=1
run_id=softmax_1784949633169_softmax_full_f16io_f32acc_ptx_ex2_approx_f16_r0 mode=softmax_full_f16io_f32acc pair_id=softmax_oratc_targeted_g48s1024_confirm_v1_20260725_sess01_pos2_ptx_f16_g48_s1024_cache_reuse_candidate_probe_ptx_f16_g48_s00_p00 role=probe_before extra_exp_probe=0 ITER=15176349 elapsed_s=12.3747 gap_s=-1 trace_power_W=235.635 trace_status=pass delta_E_J=2915.92 net_E_J=1465.63 smid_ok=1
run_id=softmax_1784949645559_softmax_full_f16io_f32acc_ptx_ex2_approx_f16_r0 mode=softmax_full_f16io_f32acc pair_id=softmax_oratc_targeted_g48s1024_confirm_v1_20260725_sess01_pos2_ptx_f16_g48_s1024_cache_reuse_candidate_probe_ptx_f16_g48_s00_p00 role=full extra_exp_probe=1 ITER=15176349 elapsed_s=12.3667 gap_s=0.014189 trace_power_W=236.172 trace_status=pass delta_E_J=2920.68 net_E_J=1471.33 smid_ok=1
run_id=softmax_1784949657939_softmax_full_f16io_f32acc_ptx_ex2_approx_f16_r0 mode=softmax_full_f16io_f32acc pair_id=softmax_oratc_targeted_g48s1024_confirm_v1_20260725_sess01_pos2_ptx_f16_g48_s1024_cache_reuse_candidate_probe_ptx_f16_g48_s00_p00 role=probe_after extra_exp_probe=0 ITER=15176349 elapsed_s=12.3717 gap_s=0.0130579 trace_power_W=236.849 trace_status=pass delta_E_J=2930.24 net_E_J=1480.3 smid_ok=1
run_id=softmax_1784949670322_softmax_full_f16io_f32acc_ptx_ex2_approx_f16_r1 mode=softmax_full_f16io_f32acc pair_id=softmax_oratc_targeted_g48s1024_confirm_v1_20260725_sess01_pos2_ptx_f16_g48_s1024_cache_reuse_candidate_probe_ptx_f16_g48_s00_p01 role=full_before extra_exp_probe=1 ITER=15176349 elapsed_s=12.3761 gap_s=0.0107675 trace_power_W=240.346 trace_status=pass delta_E_J=2974.54 net_E_J=1524.09 smid_ok=1
run_id=softmax_1784949682712_softmax_full_f16io_f32acc_ptx_ex2_approx_f16_r1 mode=softmax_full_f16io_f32acc pair_id=softmax_oratc_targeted_g48s1024_confirm_v1_20260725_sess01_pos2_ptx_f16_g48_s1024_cache_reuse_candidate_probe_ptx_f16_g48_s00_p01 role=probe_middle extra_exp_probe=0 ITER=15176349 elapsed_s=12.3715 gap_s=0.0132133 trace_power_W=239.326 trace_status=pass delta_E_J=2960.82 net_E_J=1510.9 smid_ok=1
run_id=softmax_1784949695094_softmax_full_f16io_f32acc_ptx_ex2_approx_f16_r1 mode=softmax_full_f16io_f32acc pair_id=softmax_oratc_targeted_g48s1024_confirm_v1_20260725_sess01_pos2_ptx_f16_g48_s1024_cache_reuse_candidate_probe_ptx_f16_g48_s00_p01 role=full_after extra_exp_probe=1 ITER=15176349 elapsed_s=12.3664 gap_s=0.0109313 trace_power_W=237.65 trace_status=pass delta_E_J=2938.86 net_E_J=1489.55 smid_ok=1
run_id=softmax_1784949707472_softmax_full_f16io_f32acc_ptx_ex2_approx_f16_r2 mode=softmax_full_f16io_f32acc pair_id=softmax_oratc_targeted_g48s1024_confirm_v1_20260725_sess01_pos2_ptx_f16_g48_s1024_cache_reuse_candidate_probe_ptx_f16_g48_s00_p02 role=full_before extra_exp_probe=1 ITER=15176349 elapsed_s=12.3672 gap_s=0.0110178 trace_power_W=237.337 trace_status=pass delta_E_J=2935.19 net_E_J=1485.78 smid_ok=1
run_id=softmax_1784949719850_softmax_full_f16io_f32acc_ptx_ex2_approx_f16_r2 mode=softmax_full_f16io_f32acc pair_id=softmax_oratc_targeted_g48s1024_confirm_v1_20260725_sess01_pos2_ptx_f16_g48_s1024_cache_reuse_candidate_probe_ptx_f16_g48_s00_p02 role=probe_middle extra_exp_probe=0 ITER=15176349 elapsed_s=12.3812 gap_s=0.0103522 trace_power_W=236.55 trace_status=pass delta_E_J=2928.76 net_E_J=1477.71 smid_ok=1
run_id=softmax_1784949732241_softmax_full_f16io_f32acc_ptx_ex2_approx_f16_r2 mode=softmax_full_f16io_f32acc pair_id=softmax_oratc_targeted_g48s1024_confirm_v1_20260725_sess01_pos2_ptx_f16_g48_s1024_cache_reuse_candidate_probe_ptx_f16_g48_s00_p02 role=full_after extra_exp_probe=1 ITER=15176349 elapsed_s=12.366 gap_s=0.00994748 trace_power_W=237.671 trace_status=pass delta_E_J=2939.04 net_E_J=1489.77 smid_ok=1
run_id=softmax_1784949744617_softmax_full_f16io_f32acc_ptx_ex2_approx_f16_r3 mode=softmax_full_f16io_f32acc pair_id=softmax_oratc_targeted_g48s1024_confirm_v1_20260725_sess01_pos2_ptx_f16_g48_s1024_cache_reuse_candidate_probe_ptx_f16_g48_s00_p03 role=probe_before extra_exp_probe=0 ITER=15176349 elapsed_s=12.3657 gap_s=0.00972701 trace_power_W=236.62 trace_status=pass delta_E_J=2925.97 net_E_J=1476.74 smid_ok=1
run_id=softmax_1784949756993_softmax_full_f16io_f32acc_ptx_ex2_approx_f16_r3 mode=softmax_full_f16io_f32acc pair_id=softmax_oratc_targeted_g48s1024_confirm_v1_20260725_sess01_pos2_ptx_f16_g48_s1024_cache_reuse_candidate_probe_ptx_f16_g48_s00_p03 role=full extra_exp_probe=1 ITER=15176349 elapsed_s=12.3634 gap_s=0.0104601 trace_power_W=241.483 trace_status=pass delta_E_J=2985.54 net_E_J=1536.59 smid_ok=1
run_id=softmax_1784949769369_softmax_full_f16io_f32acc_ptx_ex2_approx_f16_r3 mode=softmax_full_f16io_f32acc pair_id=softmax_oratc_targeted_g48s1024_confirm_v1_20260725_sess01_pos2_ptx_f16_g48_s1024_cache_reuse_candidate_probe_ptx_f16_g48_s00_p03 role=probe_after extra_exp_probe=0 ITER=15176349 elapsed_s=12.3726 gap_s=0.0120628 trace_power_W=237.296 trace_status=pass delta_E_J=2935.97 net_E_J=1485.93 smid_ok=1
run_id=softmax_1784949781758_softmax_full_f16io_f32acc_ptx_ex2_approx_f16_r4 mode=softmax_full_f16io_f32acc pair_id=softmax_oratc_targeted_g48s1024_confirm_v1_20260725_sess01_pos2_ptx_f16_g48_s1024_cache_reuse_candidate_probe_ptx_f16_g48_s00_p04 role=probe_before extra_exp_probe=0 ITER=15176349 elapsed_s=12.3691 gap_s=0.0162271 trace_power_W=236.987 trace_status=pass delta_E_J=2931.33 net_E_J=1481.69 smid_ok=1
run_id=softmax_1784949794141_softmax_full_f16io_f32acc_ptx_ex2_approx_f16_r4 mode=softmax_full_f16io_f32acc pair_id=softmax_oratc_targeted_g48s1024_confirm_v1_20260725_sess01_pos2_ptx_f16_g48_s1024_cache_reuse_candidate_probe_ptx_f16_g48_s00_p04 role=full extra_exp_probe=1 ITER=15176349 elapsed_s=12.3633 gap_s=0.0133122 trace_power_W=238.07 trace_status=pass delta_E_J=2943.33 net_E_J=1494.38 smid_ok=1
run_id=softmax_1784949806517_softmax_full_f16io_f32acc_ptx_ex2_approx_f16_r4 mode=softmax_full_f16io_f32acc pair_id=softmax_oratc_targeted_g48s1024_confirm_v1_20260725_sess01_pos2_ptx_f16_g48_s1024_cache_reuse_candidate_probe_ptx_f16_g48_s00_p04 role=probe_after extra_exp_probe=0 ITER=15176349 elapsed_s=12.367 gap_s=0.0125327 trace_power_W=237.268 trace_status=pass delta_E_J=2934.29 net_E_J=1484.91 smid_ok=1
run_id=softmax_1784949818894_softmax_full_f16io_f32acc_ptx_ex2_approx_f16_r5 mode=softmax_full_f16io_f32acc pair_id=softmax_oratc_targeted_g48s1024_confirm_v1_20260725_sess01_pos2_ptx_f16_g48_s1024_cache_reuse_candidate_probe_ptx_f16_g48_s00_p05 role=full_before extra_exp_probe=1 ITER=15176349 elapsed_s=12.3736 gap_s=0.00978781 trace_power_W=238.198 trace_status=pass delta_E_J=2947.37 net_E_J=1497.21 smid_ok=1
run_id=softmax_1784949831281_softmax_full_f16io_f32acc_ptx_ex2_approx_f16_r5 mode=softmax_full_f16io_f32acc pair_id=softmax_oratc_targeted_g48s1024_confirm_v1_20260725_sess01_pos2_ptx_f16_g48_s1024_cache_reuse_candidate_probe_ptx_f16_g48_s00_p05 role=probe_middle extra_exp_probe=0 ITER=15176349 elapsed_s=12.3713 gap_s=0.0133099 trace_power_W=239.485 trace_status=pass delta_E_J=2962.74 net_E_J=1512.86 smid_ok=1
run_id=softmax_1784949843666_softmax_full_f16io_f32acc_ptx_ex2_approx_f16_r5 mode=softmax_full_f16io_f32acc pair_id=softmax_oratc_targeted_g48s1024_confirm_v1_20260725_sess01_pos2_ptx_f16_g48_s1024_cache_reuse_candidate_probe_ptx_f16_g48_s00_p05 role=full_after extra_exp_probe=1 ITER=15176349 elapsed_s=12.37 gap_s=0.0132237 trace_power_W=241.587 trace_status=pass delta_E_J=2988.43 net_E_J=1538.7 smid_ok=1
raw_csv=results/raw/rtx3090_fp16_softmax_operand_rate_atc_targeted_g48s1024_confirm_v1_20260725_sess01_pos2_ptx_f16_g48_s1024_ptx_f16_raw.csv
manifest_csv=results/raw/rtx3090_fp16_softmax_operand_rate_atc_targeted_g48s1024_confirm_v1_20260725_sess01_pos2_ptx_f16_g48_s1024_ptx_f16_manifest.csv
energy_trace_csv=results/raw/rtx3090_fp16_softmax_operand_rate_atc_targeted_g48s1024_confirm_v1_20260725_sess01_pos2_ptx_f16_g48_s1024_ptx_f16_raw_energy_trace.csv
binary_sha256=eeda8c0a1df3628d04c5bf15a486ba3dd0fc43935fbc51a18505a1dffb409b66

analyzer_command=python3 scripts/analyze_softmax_probe_counterbalanced.py --input results/raw/rtx3090_fp16_softmax_operand_rate_atc_targeted_g48s1024_confirm_v1_20260725_sess01_pos2_ptx_f16_g48_s1024_ptx_f16_raw.csv --energy-trace-input results/raw/rtx3090_fp16_softmax_operand_rate_atc_targeted_g48s1024_confirm_v1_20260725_sess01_pos2_ptx_f16_g48_s1024_ptx_f16_raw_energy_trace.csv --manifest results/raw/rtx3090_fp16_softmax_operand_rate_atc_targeted_g48s1024_confirm_v1_20260725_sess01_pos2_ptx_f16_g48_s1024_ptx_f16_manifest.csv --exp-impl ptx_f16 --grid-blocks 48 --triplet-out results/summary/rtx3090_softmax_ex2_targeted_targeted_g48s1024_confirm_v1_20260725_sess01_pos2_ptx_f16_g48_s1024_triplets.csv --matched-out results/summary/rtx3090_softmax_ex2_targeted_targeted_g48s1024_confirm_v1_20260725_sess01_pos2_ptx_f16_g48_s1024_matched.csv --summary-out results/summary/rtx3090_softmax_ex2_targeted_targeted_g48s1024_confirm_v1_20260725_sess01_pos2_ptx_f16_g48_s1024_summary.csv --report-out docs/results/rtx3090_softmax_ex2_targeted_targeted_g48s1024_confirm_v1_20260725_sess01_pos2_ptx_f16_g48_s1024_ko.md --decision-stage pilot --energy-trace-min-fit-points 16 --bootstrap-samples 4000 --seed 20262743
triplet_out=results/summary/rtx3090_softmax_ex2_targeted_targeted_g48s1024_confirm_v1_20260725_sess01_pos2_ptx_f16_g48_s1024_triplets.csv
matched_out=results/summary/rtx3090_softmax_ex2_targeted_targeted_g48s1024_confirm_v1_20260725_sess01_pos2_ptx_f16_g48_s1024_matched.csv
summary_out=results/summary/rtx3090_softmax_ex2_targeted_targeted_g48s1024_confirm_v1_20260725_sess01_pos2_ptx_f16_g48_s1024_summary.csv
verdict=not_identified
