label=sess01_pos1_fp32_g48_s1024:runner
started_at=2026-07-25T12:14:45+09:00
command=python3 scripts/run_softmax_operand_rate_atc.py --binary build-softmax/a100_fp16_softmax_energy --gpu-id 0 --target-profile rtx3090 --exp-impl fp32 --softmax-cols 1024 --blocks-per-sm 2 --grid-blocks-list 48 --control-mode probe --logit-scale 4.0 --seconds 13.0 --idle-measure-seconds 1.0 --pairs 6 --bracket-warmup-pairs 1 --execution-mode persistent_bracket --bracket-idle-policy batch_once --bracket-order counterbalanced6 --preheat-seconds 20.0 --preheat-actual-min-seconds 16.0 --preheat-actual-max-seconds 30.0 --conditions cache_reuse_candidate --cache-policy default --energy-trace 1 --energy-trace-sample-ms 500.0 --energy-trace-min-updates 16 --tag targeted_g48s1024_confirm_v1_20260725_sess01_pos1_fp32_g48_s1024 --out-dir results/raw --max-gpu-util-pct 10.0 --max-memory-util-pct 15.0 --quiescence-timeout-s 60.0 --quiescence-poll-s 1.0 --quiescence-consecutive-samples 2
+ build-softmax/a100_fp16_softmax_energy --mode full --gpu-id 0 --target-profile rtx3090 --exp-impl fp32 --softmax-cols 1024 --blocks-per-sm 2 --seconds 13.0 --idle-measure-seconds 1.0 --logit-scale 4.0 --cache-condition cache_reuse_candidate --cache-policy default --grid-blocks 48 --dry-run
gpu_name=NVIDIA GeForce RTX 3090
compute_capability=8.6
cuda_pci_bus_id=0000:01:00.0
cuda_binary_arch=86
runtime_sm_count=82
runtime_l2_bytes=6291456
grid_blocks=48
grid_blocks_source=explicit
row_tiles_per_block=1
tile_stride=1
working_set_bytes=196608
exp_impl=fp32_fast___expf
exp_input_dtype=fp32
special_function_path=fp32_fast_expf_to_mufu_ex2
exp_ptx_instruction=ex2.approx.f32
exp_results_per_ptx_instruction=1
sass_mufu_ex2_per_ptx_instruction_model=1
sass_lowering_model_status=cuda_13_2_ampere_model_requires_final_binary_gate
expected_control_ex2_scalar_results_per_cta_iter=1024
expected_treatment_ex2_scalar_results_per_cta_iter=2048
expected_probe_ex2_scalar_results_per_cta_iter=1024
expected_control_ex2_ptx_instructions_per_cta_iter=1024
expected_treatment_ex2_ptx_instructions_per_cta_iter=2048
expected_probe_ex2_ptx_instructions_per_cta_iter=1024
xu_documented_results_per_sm_cycle=16
expected_control_xu_thread_ops_per_cta_iter=1280
expected_treatment_xu_thread_ops_per_cta_iter=2304
expected_probe_xu_thread_ops_per_cta_iter=1024
ideal_control_xu_cycles_per_cta_iter=80
ideal_treatment_xu_cycles_per_cta_iter=144
ideal_probe_xu_cycles_per_cta_iter=64
measurement_purpose=energy_atc
occupancy_max_blocks_per_sm=6
static_single_wave_capacity_blocks=492
static_single_wave_capacity_gate_pass=1
occupancy_gate_pass=1
smid_sparse_id_self_check=pass
+ build-softmax/a100_fp16_softmax_energy --mode full --gpu-id 0 --target-profile rtx3090 --exp-impl fp32 --softmax-cols 1024 --blocks-per-sm 2 --seconds 13.0 --idle-measure-seconds 1.0 --logit-scale 4.0 --cache-condition cache_reuse_candidate --cache-policy default --grid-blocks 48 --validate-only
gpu_name=NVIDIA GeForce RTX 3090
compute_capability=8.6
cuda_pci_bus_id=0000:01:00.0
cuda_binary_arch=86
runtime_sm_count=82
runtime_l2_bytes=6291456
grid_blocks=48
grid_blocks_source=explicit
row_tiles_per_block=1
tile_stride=1
working_set_bytes=196608
exp_impl=fp32_fast___expf
exp_input_dtype=fp32
special_function_path=fp32_fast_expf_to_mufu_ex2
exp_ptx_instruction=ex2.approx.f32
exp_results_per_ptx_instruction=1
sass_mufu_ex2_per_ptx_instruction_model=1
sass_lowering_model_status=cuda_13_2_ampere_model_requires_final_binary_gate
expected_control_ex2_scalar_results_per_cta_iter=1024
expected_treatment_ex2_scalar_results_per_cta_iter=2048
expected_probe_ex2_scalar_results_per_cta_iter=1024
expected_control_ex2_ptx_instructions_per_cta_iter=1024
expected_treatment_ex2_ptx_instructions_per_cta_iter=2048
expected_probe_ex2_ptx_instructions_per_cta_iter=1024
xu_documented_results_per_sm_cycle=16
expected_control_xu_thread_ops_per_cta_iter=1280
expected_treatment_xu_thread_ops_per_cta_iter=2304
expected_probe_xu_thread_ops_per_cta_iter=1024
ideal_control_xu_cycles_per_cta_iter=80
ideal_treatment_xu_cycles_per_cta_iter=144
ideal_probe_xu_cycles_per_cta_iter=64
measurement_purpose=energy_atc
occupancy_max_blocks_per_sm=6
static_single_wave_capacity_blocks=492
static_single_wave_capacity_gate_pass=1
occupancy_gate_pass=1
smid_sparse_id_self_check=pass
numerical_check_id=fp16_softmax_cpu_fp64_v1_pass exp_impl=fp32_fast___expf max_abs_error=4.2918e-06 max_row_sum_error=0.000152588 control_treatment_bit_identical=true
+ build-softmax/a100_fp16_softmax_energy --mode full --gpu-id 0 --target-profile rtx3090 --exp-impl fp32 --softmax-cols 1024 --blocks-per-sm 2 --seconds 13.0 --idle-measure-seconds 1.0 --logit-scale 4.0 --cache-condition cache_reuse_candidate --cache-policy default --grid-blocks 48 --extra-exp-probe 1 --calibrate-only
gpu_name=NVIDIA GeForce RTX 3090
compute_capability=8.6
cuda_pci_bus_id=0000:01:00.0
cuda_binary_arch=86
runtime_sm_count=82
runtime_l2_bytes=6291456
grid_blocks=48
grid_blocks_source=explicit
row_tiles_per_block=1
tile_stride=1
working_set_bytes=196608
exp_impl=fp32_fast___expf
exp_input_dtype=fp32
special_function_path=fp32_fast_expf_to_mufu_ex2
exp_ptx_instruction=ex2.approx.f32
exp_results_per_ptx_instruction=1
sass_mufu_ex2_per_ptx_instruction_model=1
sass_lowering_model_status=cuda_13_2_ampere_model_requires_final_binary_gate
expected_control_ex2_scalar_results_per_cta_iter=1024
expected_treatment_ex2_scalar_results_per_cta_iter=2048
expected_probe_ex2_scalar_results_per_cta_iter=1024
expected_control_ex2_ptx_instructions_per_cta_iter=1024
expected_treatment_ex2_ptx_instructions_per_cta_iter=2048
expected_probe_ex2_ptx_instructions_per_cta_iter=1024
xu_documented_results_per_sm_cycle=16
expected_control_xu_thread_ops_per_cta_iter=1280
expected_treatment_xu_thread_ops_per_cta_iter=2304
expected_probe_xu_thread_ops_per_cta_iter=1024
ideal_control_xu_cycles_per_cta_iter=80
ideal_treatment_xu_cycles_per_cta_iter=144
ideal_probe_xu_cycles_per_cta_iter=64
measurement_purpose=energy_atc
occupancy_max_blocks_per_sm=6
static_single_wave_capacity_blocks=492
static_single_wave_capacity_gate_pass=1
occupancy_gate_pass=1
smid_sparse_id_self_check=pass
calibrated_iters=12274381 trial_iters=53912 trial_elapsed_s=0.059954
condition=cache_reuse_candidate grid_blocks=48 common_full_iters=12274381
+ build-softmax/a100_fp16_softmax_energy --mode full --gpu-id 0 --target-profile rtx3090 --exp-impl fp32 --softmax-cols 1024 --blocks-per-sm 2 --seconds 13.0 --idle-measure-seconds 1.0 --logit-scale 4.0 --cache-condition cache_reuse_candidate --cache-policy default --grid-blocks 48 --iters 18883664 --output results/raw/rtx3090_fp16_softmax_operand_rate_atc_targeted_g48s1024_confirm_v1_20260725_sess01_pos1_fp32_g48_s1024_cache_reuse_candidate_g48_preheat.csv --pair-id preheat_targeted_g48s1024_confirm_v1_20260725_sess01_pos1_fp32_g48_s1024_cache_reuse_candidate_g48 --role preheat --repeat-index -1 --sequence-index -1 --extra-exp-probe 1 --energy-trace 0 --numerical-check-id fp16_softmax_cpu_fp64_v1_pass --binary-sha256 eeda8c0a1df3628d04c5bf15a486ba3dd0fc43935fbc51a18505a1dffb409b66
gpu_name=NVIDIA GeForce RTX 3090
compute_capability=8.6
cuda_pci_bus_id=0000:01:00.0
cuda_binary_arch=86
runtime_sm_count=82
runtime_l2_bytes=6291456
grid_blocks=48
grid_blocks_source=explicit
row_tiles_per_block=1
tile_stride=1
working_set_bytes=196608
exp_impl=fp32_fast___expf
exp_input_dtype=fp32
special_function_path=fp32_fast_expf_to_mufu_ex2
exp_ptx_instruction=ex2.approx.f32
exp_results_per_ptx_instruction=1
sass_mufu_ex2_per_ptx_instruction_model=1
sass_lowering_model_status=cuda_13_2_ampere_model_requires_final_binary_gate
expected_control_ex2_scalar_results_per_cta_iter=1024
expected_treatment_ex2_scalar_results_per_cta_iter=2048
expected_probe_ex2_scalar_results_per_cta_iter=1024
expected_control_ex2_ptx_instructions_per_cta_iter=1024
expected_treatment_ex2_ptx_instructions_per_cta_iter=2048
expected_probe_ex2_ptx_instructions_per_cta_iter=1024
xu_documented_results_per_sm_cycle=16
expected_control_xu_thread_ops_per_cta_iter=1280
expected_treatment_xu_thread_ops_per_cta_iter=2304
expected_probe_xu_thread_ops_per_cta_iter=1024
ideal_control_xu_cycles_per_cta_iter=80
ideal_treatment_xu_cycles_per_cta_iter=144
ideal_probe_xu_cycles_per_cta_iter=64
measurement_purpose=energy_atc
occupancy_max_blocks_per_sm=6
static_single_wave_capacity_blocks=492
static_single_wave_capacity_gate_pass=1
occupancy_gate_pass=1
smid_sparse_id_self_check=pass
run_id=softmax_1784949288144_softmax_full_f16io_f32acc_fp32_fast___expf_r0 mode=softmax_full_f16io_f32acc extra_exp_probe=1 ITER=18883664 elapsed_s=18.7156 trace_power_W=0 trace_status=disabled_endpoint_only delta_E_J=4092.46 net_E_J=1784 smid_ok=1
condition=cache_reuse_candidate grid_blocks=48 thermal_preheat_seconds=20.0 thermal_preheat_iters=18883664
+ build-softmax/a100_fp16_softmax_energy --mode full --gpu-id 0 --target-profile rtx3090 --exp-impl fp32 --softmax-cols 1024 --blocks-per-sm 2 --seconds 13.0 --idle-measure-seconds 1.0 --logit-scale 4.0 --cache-condition cache_reuse_candidate --cache-policy default --grid-blocks 48 --iters 12274381 --output results/raw/rtx3090_fp16_softmax_operand_rate_atc_targeted_g48s1024_confirm_v1_20260725_sess01_pos1_fp32_g48_s1024_raw.csv --bracket-control probe --bracket-pairs 6 --bracket-warmup-pairs 1 --pair-prefix softmax_oratc_targeted_g48s1024_confirm_v1_20260725_sess01_pos1_fp32_g48_s1024_cache_reuse_candidate_probe_g48_s00 --bracket-idle-policy batch_once --bracket-order counterbalanced6 --extra-exp-probe 0 --energy-trace 1 --energy-trace-sample-ms 500.0 --energy-trace-min-updates 16 --energy-trace-output results/raw/rtx3090_fp16_softmax_operand_rate_atc_targeted_g48s1024_confirm_v1_20260725_sess01_pos1_fp32_g48_s1024_raw_energy_trace.csv --numerical-check-id fp16_softmax_cpu_fp64_v1_pass --binary-sha256 eeda8c0a1df3628d04c5bf15a486ba3dd0fc43935fbc51a18505a1dffb409b66
gpu_name=NVIDIA GeForce RTX 3090
compute_capability=8.6
cuda_pci_bus_id=0000:01:00.0
cuda_binary_arch=86
runtime_sm_count=82
runtime_l2_bytes=6291456
grid_blocks=48
grid_blocks_source=explicit
row_tiles_per_block=1
tile_stride=1
working_set_bytes=196608
exp_impl=fp32_fast___expf
exp_input_dtype=fp32
special_function_path=fp32_fast_expf_to_mufu_ex2
exp_ptx_instruction=ex2.approx.f32
exp_results_per_ptx_instruction=1
sass_mufu_ex2_per_ptx_instruction_model=1
sass_lowering_model_status=cuda_13_2_ampere_model_requires_final_binary_gate
expected_control_ex2_scalar_results_per_cta_iter=1024
expected_treatment_ex2_scalar_results_per_cta_iter=2048
expected_probe_ex2_scalar_results_per_cta_iter=1024
expected_control_ex2_ptx_instructions_per_cta_iter=1024
expected_treatment_ex2_ptx_instructions_per_cta_iter=2048
expected_probe_ex2_ptx_instructions_per_cta_iter=1024
xu_documented_results_per_sm_cycle=16
expected_control_xu_thread_ops_per_cta_iter=1280
expected_treatment_xu_thread_ops_per_cta_iter=2304
expected_probe_xu_thread_ops_per_cta_iter=1024
ideal_control_xu_cycles_per_cta_iter=80
ideal_treatment_xu_cycles_per_cta_iter=144
ideal_probe_xu_cycles_per_cta_iter=64
measurement_purpose=energy_atc
occupancy_max_blocks_per_sm=6
static_single_wave_capacity_blocks=492
static_single_wave_capacity_gate_pass=1
occupancy_gate_pass=1
smid_sparse_id_self_check=pass
unrecorded_bracket_warmup_pairs=1
run_id=softmax_1784949346860_softmax_full_f16io_f32acc_fp32_fast___expf_r0 mode=softmax_full_f16io_f32acc pair_id=softmax_oratc_targeted_g48s1024_confirm_v1_20260725_sess01_pos1_fp32_g48_s1024_cache_reuse_candidate_probe_g48_s00_p00 role=probe_before extra_exp_probe=0 ITER=12274381 elapsed_s=12.2114 gap_s=-1 trace_power_W=215.964 trace_status=pass delta_E_J=2637.21 net_E_J=1301.22 smid_ok=1
run_id=softmax_1784949359082_softmax_full_f16io_f32acc_fp32_fast___expf_r0 mode=softmax_full_f16io_f32acc pair_id=softmax_oratc_targeted_g48s1024_confirm_v1_20260725_sess01_pos1_fp32_g48_s1024_cache_reuse_candidate_probe_g48_s00_p00 role=full extra_exp_probe=1 ITER=12274381 elapsed_s=12.3145 gap_s=0.0100827 trace_power_W=222.593 trace_status=pass delta_E_J=2741.12 net_E_J=1393.84 smid_ok=1
run_id=softmax_1784949371411_softmax_full_f16io_f32acc_fp32_fast___expf_r0 mode=softmax_full_f16io_f32acc pair_id=softmax_oratc_targeted_g48s1024_confirm_v1_20260725_sess01_pos1_fp32_g48_s1024_cache_reuse_candidate_probe_g48_s00_p00 role=probe_after extra_exp_probe=0 ITER=12274381 elapsed_s=12.2727 gap_s=0.0139861 trace_power_W=223.541 trace_status=pass delta_E_J=2743.46 net_E_J=1400.75 smid_ok=1
run_id=softmax_1784949383693_softmax_full_f16io_f32acc_fp32_fast___expf_r1 mode=softmax_full_f16io_f32acc pair_id=softmax_oratc_targeted_g48s1024_confirm_v1_20260725_sess01_pos1_fp32_g48_s1024_cache_reuse_candidate_probe_g48_s00_p01 role=full_before extra_exp_probe=1 ITER=12274381 elapsed_s=12.3412 gap_s=0.00989369 trace_power_W=226.902 trace_status=pass delta_E_J=2800.25 net_E_J=1450.05 smid_ok=1
run_id=softmax_1784949396046_softmax_full_f16io_f32acc_fp32_fast___expf_r1 mode=softmax_full_f16io_f32acc pair_id=softmax_oratc_targeted_g48s1024_confirm_v1_20260725_sess01_pos1_fp32_g48_s1024_cache_reuse_candidate_probe_g48_s00_p01 role=probe_middle extra_exp_probe=0 ITER=12274381 elapsed_s=12.2892 gap_s=0.0106854 trace_power_W=222.363 trace_status=pass delta_E_J=2732.66 net_E_J=1388.15 smid_ok=1
run_id=softmax_1784949408345_softmax_full_f16io_f32acc_fp32_fast___expf_r1 mode=softmax_full_f16io_f32acc pair_id=softmax_oratc_targeted_g48s1024_confirm_v1_20260725_sess01_pos1_fp32_g48_s1024_cache_reuse_candidate_probe_g48_s00_p01 role=full_after extra_exp_probe=1 ITER=12274381 elapsed_s=12.3368 gap_s=0.0101661 trace_power_W=227.704 trace_status=pass delta_E_J=2809.15 net_E_J=1459.43 smid_ok=1
run_id=softmax_1784949420696_softmax_full_f16io_f32acc_fp32_fast___expf_r2 mode=softmax_full_f16io_f32acc pair_id=softmax_oratc_targeted_g48s1024_confirm_v1_20260725_sess01_pos1_fp32_g48_s1024_cache_reuse_candidate_probe_g48_s00_p02 role=full_before extra_exp_probe=1 ITER=12274381 elapsed_s=12.3341 gap_s=0.0138075 trace_power_W=232.63 trace_status=pass delta_E_J=2869.29 net_E_J=1519.86 smid_ok=1
run_id=softmax_1784949433044_softmax_full_f16io_f32acc_fp32_fast___expf_r2 mode=softmax_full_f16io_f32acc pair_id=softmax_oratc_targeted_g48s1024_confirm_v1_20260725_sess01_pos1_fp32_g48_s1024_cache_reuse_candidate_probe_g48_s00_p02 role=probe_middle extra_exp_probe=0 ITER=12274381 elapsed_s=12.2896 gap_s=0.0133978 trace_power_W=224.323 trace_status=pass delta_E_J=2756.83 net_E_J=1412.28 smid_ok=1
run_id=softmax_1784949445347_softmax_full_f16io_f32acc_fp32_fast___expf_r2 mode=softmax_full_f16io_f32acc pair_id=softmax_oratc_targeted_g48s1024_confirm_v1_20260725_sess01_pos1_fp32_g48_s1024_cache_reuse_candidate_probe_g48_s00_p02 role=full_after extra_exp_probe=1 ITER=12274381 elapsed_s=12.3394 gap_s=0.0136387 trace_power_W=229.539 trace_status=pass delta_E_J=2832.38 net_E_J=1482.37 smid_ok=1
run_id=softmax_1784949457700_softmax_full_f16io_f32acc_fp32_fast___expf_r3 mode=softmax_full_f16io_f32acc pair_id=softmax_oratc_targeted_g48s1024_confirm_v1_20260725_sess01_pos1_fp32_g48_s1024_cache_reuse_candidate_probe_g48_s00_p03 role=probe_before extra_exp_probe=0 ITER=12274381 elapsed_s=12.286 gap_s=0.0128164 trace_power_W=226.437 trace_status=pass delta_E_J=2782.01 net_E_J=1437.85 smid_ok=1
run_id=softmax_1784949470000_softmax_full_f16io_f32acc_fp32_fast___expf_r3 mode=softmax_full_f16io_f32acc pair_id=softmax_oratc_targeted_g48s1024_confirm_v1_20260725_sess01_pos1_fp32_g48_s1024_cache_reuse_candidate_probe_g48_s00_p03 role=full extra_exp_probe=1 ITER=12274381 elapsed_s=12.3242 gap_s=0.0135364 trace_power_W=230.667 trace_status=pass delta_E_J=2842.79 net_E_J=1494.45 smid_ok=1
run_id=softmax_1784949482337_softmax_full_f16io_f32acc_fp32_fast___expf_r3 mode=softmax_full_f16io_f32acc pair_id=softmax_oratc_targeted_g48s1024_confirm_v1_20260725_sess01_pos1_fp32_g48_s1024_cache_reuse_candidate_probe_g48_s00_p03 role=probe_after extra_exp_probe=0 ITER=12274381 elapsed_s=12.2955 gap_s=0.0135589 trace_power_W=226.456 trace_status=pass delta_E_J=2784.39 net_E_J=1439.19 smid_ok=1
run_id=softmax_1784949494649_softmax_full_f16io_f32acc_fp32_fast___expf_r4 mode=softmax_full_f16io_f32acc pair_id=softmax_oratc_targeted_g48s1024_confirm_v1_20260725_sess01_pos1_fp32_g48_s1024_cache_reuse_candidate_probe_g48_s00_p04 role=probe_before extra_exp_probe=0 ITER=12274381 elapsed_s=12.2888 gap_s=0.0157488 trace_power_W=226.492 trace_status=pass delta_E_J=2783.32 net_E_J=1438.85 smid_ok=1
run_id=softmax_1784949506950_softmax_full_f16io_f32acc_fp32_fast___expf_r4 mode=softmax_full_f16io_f32acc pair_id=softmax_oratc_targeted_g48s1024_confirm_v1_20260725_sess01_pos1_fp32_g48_s1024_cache_reuse_candidate_probe_g48_s00_p04 role=full extra_exp_probe=1 ITER=12274381 elapsed_s=12.4067 gap_s=0.0116749 trace_power_W=228.872 trace_status=pass delta_E_J=2839.54 net_E_J=1482.18 smid_ok=1
run_id=softmax_1784949519367_softmax_full_f16io_f32acc_fp32_fast___expf_r4 mode=softmax_full_f16io_f32acc pair_id=softmax_oratc_targeted_g48s1024_confirm_v1_20260725_sess01_pos1_fp32_g48_s1024_cache_reuse_candidate_probe_g48_s00_p04 role=probe_after extra_exp_probe=0 ITER=12274381 elapsed_s=12.3612 gap_s=0.0104084 trace_power_W=228.682 trace_status=pass delta_E_J=2826.78 net_E_J=1474.39 smid_ok=1
run_id=softmax_1784949531742_softmax_full_f16io_f32acc_fp32_fast___expf_r5 mode=softmax_full_f16io_f32acc pair_id=softmax_oratc_targeted_g48s1024_confirm_v1_20260725_sess01_pos1_fp32_g48_s1024_cache_reuse_candidate_probe_g48_s00_p05 role=full_before extra_exp_probe=1 ITER=12274381 elapsed_s=12.433 gap_s=0.0136362 trace_power_W=229.423 trace_status=pass delta_E_J=2852.41 net_E_J=1492.17 smid_ok=1
run_id=softmax_1784949544190_softmax_full_f16io_f32acc_fp32_fast___expf_r5 mode=softmax_full_f16io_f32acc pair_id=softmax_oratc_targeted_g48s1024_confirm_v1_20260725_sess01_pos1_fp32_g48_s1024_cache_reuse_candidate_probe_g48_s00_p05 role=probe_middle extra_exp_probe=0 ITER=12274381 elapsed_s=12.3786 gap_s=0.0146048 trace_power_W=224.943 trace_status=pass delta_E_J=2784.47 net_E_J=1430.18 smid_ok=1
run_id=softmax_1784949556579_softmax_full_f16io_f32acc_fp32_fast___expf_r5 mode=softmax_full_f16io_f32acc pair_id=softmax_oratc_targeted_g48s1024_confirm_v1_20260725_sess01_pos1_fp32_g48_s1024_cache_reuse_candidate_probe_g48_s00_p05 role=full_after extra_exp_probe=1 ITER=12274381 elapsed_s=12.4282 gap_s=0.0105859 trace_power_W=229.39 trace_status=pass delta_E_J=2850.9 net_E_J=1491.18 smid_ok=1
raw_csv=results/raw/rtx3090_fp16_softmax_operand_rate_atc_targeted_g48s1024_confirm_v1_20260725_sess01_pos1_fp32_g48_s1024_raw.csv
manifest_csv=results/raw/rtx3090_fp16_softmax_operand_rate_atc_targeted_g48s1024_confirm_v1_20260725_sess01_pos1_fp32_g48_s1024_manifest.csv
energy_trace_csv=results/raw/rtx3090_fp16_softmax_operand_rate_atc_targeted_g48s1024_confirm_v1_20260725_sess01_pos1_fp32_g48_s1024_raw_energy_trace.csv
binary_sha256=eeda8c0a1df3628d04c5bf15a486ba3dd0fc43935fbc51a18505a1dffb409b66

analyzer_command=python3 scripts/analyze_softmax_probe_counterbalanced.py --input results/raw/rtx3090_fp16_softmax_operand_rate_atc_targeted_g48s1024_confirm_v1_20260725_sess01_pos1_fp32_g48_s1024_raw.csv --energy-trace-input results/raw/rtx3090_fp16_softmax_operand_rate_atc_targeted_g48s1024_confirm_v1_20260725_sess01_pos1_fp32_g48_s1024_raw_energy_trace.csv --manifest results/raw/rtx3090_fp16_softmax_operand_rate_atc_targeted_g48s1024_confirm_v1_20260725_sess01_pos1_fp32_g48_s1024_manifest.csv --exp-impl fp32 --grid-blocks 48 --triplet-out results/summary/rtx3090_softmax_ex2_targeted_targeted_g48s1024_confirm_v1_20260725_sess01_pos1_fp32_g48_s1024_triplets.csv --matched-out results/summary/rtx3090_softmax_ex2_targeted_targeted_g48s1024_confirm_v1_20260725_sess01_pos1_fp32_g48_s1024_matched.csv --summary-out results/summary/rtx3090_softmax_ex2_targeted_targeted_g48s1024_confirm_v1_20260725_sess01_pos1_fp32_g48_s1024_summary.csv --report-out docs/results/rtx3090_softmax_ex2_targeted_targeted_g48s1024_confirm_v1_20260725_sess01_pos1_fp32_g48_s1024_ko.md --decision-stage pilot --energy-trace-min-fit-points 16 --bootstrap-samples 4000 --seed 20261734
triplet_out=results/summary/rtx3090_softmax_ex2_targeted_targeted_g48s1024_confirm_v1_20260725_sess01_pos1_fp32_g48_s1024_triplets.csv
matched_out=results/summary/rtx3090_softmax_ex2_targeted_targeted_g48s1024_confirm_v1_20260725_sess01_pos1_fp32_g48_s1024_matched.csv
summary_out=results/summary/rtx3090_softmax_ex2_targeted_targeted_g48s1024_confirm_v1_20260725_sess01_pos1_fp32_g48_s1024_summary.csv
verdict=positive_identified_pilot
