label=sess02_pos3_ptx_f16_g48_s1024:runner
started_at=2026-07-25T12:38:39+09:00
command=python3 scripts/run_softmax_operand_rate_atc.py --binary build-softmax/a100_fp16_softmax_energy --gpu-id 0 --target-profile rtx3090 --exp-impl ptx_f16 --softmax-cols 1024 --blocks-per-sm 2 --grid-blocks-list 48 --control-mode probe --logit-scale 4.0 --seconds 13.0 --idle-measure-seconds 1.0 --pairs 6 --bracket-warmup-pairs 1 --execution-mode persistent_bracket --bracket-idle-policy batch_once --bracket-order counterbalanced6 --preheat-seconds 20.0 --preheat-actual-min-seconds 16.0 --preheat-actual-max-seconds 30.0 --conditions cache_reuse_candidate --cache-policy default --energy-trace 1 --energy-trace-sample-ms 500.0 --energy-trace-min-updates 16 --tag targeted_g48s1024_confirm_v1_20260725_sess02_pos3_ptx_f16_g48_s1024 --out-dir results/raw --max-gpu-util-pct 10.0 --max-memory-util-pct 15.0 --quiescence-timeout-s 60.0 --quiescence-poll-s 1.0 --quiescence-consecutive-samples 2
+ build-softmax/a100_fp16_softmax_energy --mode full --gpu-id 0 --target-profile rtx3090 --exp-impl ptx_f16 --softmax-cols 1024 --blocks-per-sm 2 --seconds 13.0 --idle-measure-seconds 1.0 --logit-scale 4.0 --cache-condition cache_reuse_candidate --cache-policy default --grid-blocks 48 --dry-run
gpu_name=NVIDIA GeForce RTX 3090
compute_capability=8.6
cuda_pci_bus_id=0000:01:00.0
cuda_binary_arch=86
runtime_sm_count=82
runtime_l2_bytes=6291456
grid_blocks=48
grid_blocks_source=explicit
row_tiles_per_block=1
tile_stride=1
working_set_bytes=196608
exp_impl=ptx_ex2_approx_f16
exp_input_dtype=fp16
special_function_path=direct_inline_ptx_ex2_approx_f16
exp_ptx_instruction=ex2.approx.f16
exp_results_per_ptx_instruction=1
sass_mufu_ex2_per_ptx_instruction_model=1
sass_lowering_model_status=cuda_13_2_sm80_sm86_observed_requires_final_binary_gate
expected_control_ex2_scalar_results_per_cta_iter=1024
expected_treatment_ex2_scalar_results_per_cta_iter=2048
expected_probe_ex2_scalar_results_per_cta_iter=1024
expected_control_ex2_ptx_instructions_per_cta_iter=1024
expected_treatment_ex2_ptx_instructions_per_cta_iter=2048
expected_probe_ex2_ptx_instructions_per_cta_iter=1024
xu_documented_results_per_sm_cycle=0
expected_control_xu_thread_ops_per_cta_iter=1280
expected_treatment_xu_thread_ops_per_cta_iter=2304
expected_probe_xu_thread_ops_per_cta_iter=1024
ideal_control_xu_cycles_per_cta_iter=0
ideal_treatment_xu_cycles_per_cta_iter=0
ideal_probe_xu_cycles_per_cta_iter=0
measurement_purpose=energy_atc
occupancy_max_blocks_per_sm=6
static_single_wave_capacity_blocks=492
static_single_wave_capacity_gate_pass=1
occupancy_gate_pass=1
smid_sparse_id_self_check=pass
+ build-softmax/a100_fp16_softmax_energy --mode full --gpu-id 0 --target-profile rtx3090 --exp-impl ptx_f16 --softmax-cols 1024 --blocks-per-sm 2 --seconds 13.0 --idle-measure-seconds 1.0 --logit-scale 4.0 --cache-condition cache_reuse_candidate --cache-policy default --grid-blocks 48 --validate-only
gpu_name=NVIDIA GeForce RTX 3090
compute_capability=8.6
cuda_pci_bus_id=0000:01:00.0
cuda_binary_arch=86
runtime_sm_count=82
runtime_l2_bytes=6291456
grid_blocks=48
grid_blocks_source=explicit
row_tiles_per_block=1
tile_stride=1
working_set_bytes=196608
exp_impl=ptx_ex2_approx_f16
exp_input_dtype=fp16
special_function_path=direct_inline_ptx_ex2_approx_f16
exp_ptx_instruction=ex2.approx.f16
exp_results_per_ptx_instruction=1
sass_mufu_ex2_per_ptx_instruction_model=1
sass_lowering_model_status=cuda_13_2_sm80_sm86_observed_requires_final_binary_gate
expected_control_ex2_scalar_results_per_cta_iter=1024
expected_treatment_ex2_scalar_results_per_cta_iter=2048
expected_probe_ex2_scalar_results_per_cta_iter=1024
expected_control_ex2_ptx_instructions_per_cta_iter=1024
expected_treatment_ex2_ptx_instructions_per_cta_iter=2048
expected_probe_ex2_ptx_instructions_per_cta_iter=1024
xu_documented_results_per_sm_cycle=0
expected_control_xu_thread_ops_per_cta_iter=1280
expected_treatment_xu_thread_ops_per_cta_iter=2304
expected_probe_xu_thread_ops_per_cta_iter=1024
ideal_control_xu_cycles_per_cta_iter=0
ideal_treatment_xu_cycles_per_cta_iter=0
ideal_probe_xu_cycles_per_cta_iter=0
measurement_purpose=energy_atc
occupancy_max_blocks_per_sm=6
static_single_wave_capacity_blocks=492
static_single_wave_capacity_gate_pass=1
occupancy_gate_pass=1
smid_sparse_id_self_check=pass
numerical_check_id=fp16_softmax_cpu_fp64_native_ex2_v1_pass exp_impl=ptx_ex2_approx_f16 max_abs_error=1.34815e-05 max_row_sum_error=0.000152588 control_treatment_bit_identical=true
native_ex2_validation_id=ptx_ex2_f16_all_encodings_v1_pass packed_scalar_bit_mismatch_count=0 nan_classification_failure_count=0 normal_result_count=38657 subnormal_result_count=768 zero_result_count=11776 infinity_result_count=12289 max_normal_relative_error=0.000975214 documented_relative_error_bound=0.00104665 corner_cases_ok=true
+ build-softmax/a100_fp16_softmax_energy --mode full --gpu-id 0 --target-profile rtx3090 --exp-impl ptx_f16 --softmax-cols 1024 --blocks-per-sm 2 --seconds 13.0 --idle-measure-seconds 1.0 --logit-scale 4.0 --cache-condition cache_reuse_candidate --cache-policy default --grid-blocks 48 --extra-exp-probe 1 --calibrate-only
gpu_name=NVIDIA GeForce RTX 3090
compute_capability=8.6
cuda_pci_bus_id=0000:01:00.0
cuda_binary_arch=86
runtime_sm_count=82
runtime_l2_bytes=6291456
grid_blocks=48
grid_blocks_source=explicit
row_tiles_per_block=1
tile_stride=1
working_set_bytes=196608
exp_impl=ptx_ex2_approx_f16
exp_input_dtype=fp16
special_function_path=direct_inline_ptx_ex2_approx_f16
exp_ptx_instruction=ex2.approx.f16
exp_results_per_ptx_instruction=1
sass_mufu_ex2_per_ptx_instruction_model=1
sass_lowering_model_status=cuda_13_2_sm80_sm86_observed_requires_final_binary_gate
expected_control_ex2_scalar_results_per_cta_iter=1024
expected_treatment_ex2_scalar_results_per_cta_iter=2048
expected_probe_ex2_scalar_results_per_cta_iter=1024
expected_control_ex2_ptx_instructions_per_cta_iter=1024
expected_treatment_ex2_ptx_instructions_per_cta_iter=2048
expected_probe_ex2_ptx_instructions_per_cta_iter=1024
xu_documented_results_per_sm_cycle=0
expected_control_xu_thread_ops_per_cta_iter=1280
expected_treatment_xu_thread_ops_per_cta_iter=2304
expected_probe_xu_thread_ops_per_cta_iter=1024
ideal_control_xu_cycles_per_cta_iter=0
ideal_treatment_xu_cycles_per_cta_iter=0
ideal_probe_xu_cycles_per_cta_iter=0
measurement_purpose=energy_atc
occupancy_max_blocks_per_sm=6
static_single_wave_capacity_blocks=492
static_single_wave_capacity_gate_pass=1
occupancy_gate_pass=1
smid_sparse_id_self_check=pass
calibrated_iters=15079667 trial_iters=65795 trial_elapsed_s=0.0595571
condition=cache_reuse_candidate grid_blocks=48 common_full_iters=15079667
+ build-softmax/a100_fp16_softmax_energy --mode full --gpu-id 0 --target-profile rtx3090 --exp-impl ptx_f16 --softmax-cols 1024 --blocks-per-sm 2 --seconds 13.0 --idle-measure-seconds 1.0 --logit-scale 4.0 --cache-condition cache_reuse_candidate --cache-policy default --grid-blocks 48 --iters 23199488 --output results/raw/rtx3090_fp16_softmax_operand_rate_atc_targeted_g48s1024_confirm_v1_20260725_sess02_pos3_ptx_f16_g48_s1024_ptx_f16_cache_reuse_candidate_g48_preheat.csv --pair-id preheat_targeted_g48s1024_confirm_v1_20260725_sess02_pos3_ptx_f16_g48_s1024_cache_reuse_candidate_g48 --role preheat --repeat-index -1 --sequence-index -1 --extra-exp-probe 1 --energy-trace 0 --numerical-check-id fp16_softmax_cpu_fp64_native_ex2_v1_pass --binary-sha256 eeda8c0a1df3628d04c5bf15a486ba3dd0fc43935fbc51a18505a1dffb409b66
gpu_name=NVIDIA GeForce RTX 3090
compute_capability=8.6
cuda_pci_bus_id=0000:01:00.0
cuda_binary_arch=86
runtime_sm_count=82
runtime_l2_bytes=6291456
grid_blocks=48
grid_blocks_source=explicit
row_tiles_per_block=1
tile_stride=1
working_set_bytes=196608
exp_impl=ptx_ex2_approx_f16
exp_input_dtype=fp16
special_function_path=direct_inline_ptx_ex2_approx_f16
exp_ptx_instruction=ex2.approx.f16
exp_results_per_ptx_instruction=1
sass_mufu_ex2_per_ptx_instruction_model=1
sass_lowering_model_status=cuda_13_2_sm80_sm86_observed_requires_final_binary_gate
expected_control_ex2_scalar_results_per_cta_iter=1024
expected_treatment_ex2_scalar_results_per_cta_iter=2048
expected_probe_ex2_scalar_results_per_cta_iter=1024
expected_control_ex2_ptx_instructions_per_cta_iter=1024
expected_treatment_ex2_ptx_instructions_per_cta_iter=2048
expected_probe_ex2_ptx_instructions_per_cta_iter=1024
xu_documented_results_per_sm_cycle=0
expected_control_xu_thread_ops_per_cta_iter=1280
expected_treatment_xu_thread_ops_per_cta_iter=2304
expected_probe_xu_thread_ops_per_cta_iter=1024
ideal_control_xu_cycles_per_cta_iter=0
ideal_treatment_xu_cycles_per_cta_iter=0
ideal_probe_xu_cycles_per_cta_iter=0
measurement_purpose=energy_atc
occupancy_max_blocks_per_sm=6
static_single_wave_capacity_blocks=492
static_single_wave_capacity_gate_pass=1
occupancy_gate_pass=1
smid_sparse_id_self_check=pass
run_id=softmax_1784950721189_softmax_full_f16io_f32acc_ptx_ex2_approx_f16_r0 mode=softmax_full_f16io_f32acc extra_exp_probe=1 ITER=23199488 elapsed_s=18.914 trace_power_W=0 trace_status=disabled_endpoint_only delta_E_J=4566.78 net_E_J=2291.86 smid_ok=1
condition=cache_reuse_candidate grid_blocks=48 thermal_preheat_seconds=20.0 thermal_preheat_iters=23199488
+ build-softmax/a100_fp16_softmax_energy --mode full --gpu-id 0 --target-profile rtx3090 --exp-impl ptx_f16 --softmax-cols 1024 --blocks-per-sm 2 --seconds 13.0 --idle-measure-seconds 1.0 --logit-scale 4.0 --cache-condition cache_reuse_candidate --cache-policy default --grid-blocks 48 --iters 15079667 --output results/raw/rtx3090_fp16_softmax_operand_rate_atc_targeted_g48s1024_confirm_v1_20260725_sess02_pos3_ptx_f16_g48_s1024_ptx_f16_raw.csv --bracket-control probe --bracket-pairs 6 --bracket-warmup-pairs 1 --pair-prefix softmax_oratc_targeted_g48s1024_confirm_v1_20260725_sess02_pos3_ptx_f16_g48_s1024_cache_reuse_candidate_probe_ptx_f16_g48_s00 --bracket-idle-policy batch_once --bracket-order counterbalanced6 --extra-exp-probe 0 --energy-trace 1 --energy-trace-sample-ms 500.0 --energy-trace-min-updates 16 --energy-trace-output results/raw/rtx3090_fp16_softmax_operand_rate_atc_targeted_g48s1024_confirm_v1_20260725_sess02_pos3_ptx_f16_g48_s1024_ptx_f16_raw_energy_trace.csv --numerical-check-id fp16_softmax_cpu_fp64_native_ex2_v1_pass --binary-sha256 eeda8c0a1df3628d04c5bf15a486ba3dd0fc43935fbc51a18505a1dffb409b66
gpu_name=NVIDIA GeForce RTX 3090
compute_capability=8.6
cuda_pci_bus_id=0000:01:00.0
cuda_binary_arch=86
runtime_sm_count=82
runtime_l2_bytes=6291456
grid_blocks=48
grid_blocks_source=explicit
row_tiles_per_block=1
tile_stride=1
working_set_bytes=196608
exp_impl=ptx_ex2_approx_f16
exp_input_dtype=fp16
special_function_path=direct_inline_ptx_ex2_approx_f16
exp_ptx_instruction=ex2.approx.f16
exp_results_per_ptx_instruction=1
sass_mufu_ex2_per_ptx_instruction_model=1
sass_lowering_model_status=cuda_13_2_sm80_sm86_observed_requires_final_binary_gate
expected_control_ex2_scalar_results_per_cta_iter=1024
expected_treatment_ex2_scalar_results_per_cta_iter=2048
expected_probe_ex2_scalar_results_per_cta_iter=1024
expected_control_ex2_ptx_instructions_per_cta_iter=1024
expected_treatment_ex2_ptx_instructions_per_cta_iter=2048
expected_probe_ex2_ptx_instructions_per_cta_iter=1024
xu_documented_results_per_sm_cycle=0
expected_control_xu_thread_ops_per_cta_iter=1280
expected_treatment_xu_thread_ops_per_cta_iter=2304
expected_probe_xu_thread_ops_per_cta_iter=1024
ideal_control_xu_cycles_per_cta_iter=0
ideal_treatment_xu_cycles_per_cta_iter=0
ideal_probe_xu_cycles_per_cta_iter=0
measurement_purpose=energy_atc
occupancy_max_blocks_per_sm=6
static_single_wave_capacity_blocks=492
static_single_wave_capacity_gate_pass=1
occupancy_gate_pass=1
smid_sparse_id_self_check=pass
unrecorded_bracket_warmup_pairs=1
run_id=softmax_1784950780619_softmax_full_f16io_f32acc_ptx_ex2_approx_f16_r0 mode=softmax_full_f16io_f32acc pair_id=softmax_oratc_targeted_g48s1024_confirm_v1_20260725_sess02_pos3_ptx_f16_g48_s1024_cache_reuse_candidate_probe_ptx_f16_g48_s00_p00 role=probe_before extra_exp_probe=0 ITER=15079667 elapsed_s=12.3604 gap_s=-1 trace_power_W=238.638 trace_status=pass delta_E_J=2949.66 net_E_J=1483.12 smid_ok=1
run_id=softmax_1784950792991_softmax_full_f16io_f32acc_ptx_ex2_approx_f16_r0 mode=softmax_full_f16io_f32acc pair_id=softmax_oratc_targeted_g48s1024_confirm_v1_20260725_sess02_pos3_ptx_f16_g48_s1024_cache_reuse_candidate_probe_ptx_f16_g48_s00_p00 role=full extra_exp_probe=1 ITER=15079667 elapsed_s=12.3448 gap_s=0.0108743 trace_power_W=240.373 trace_status=pass delta_E_J=2967.37 net_E_J=1502.67 smid_ok=1
run_id=softmax_1784950805348_softmax_full_f16io_f32acc_ptx_ex2_approx_f16_r0 mode=softmax_full_f16io_f32acc pair_id=softmax_oratc_targeted_g48s1024_confirm_v1_20260725_sess02_pos3_ptx_f16_g48_s1024_cache_reuse_candidate_probe_ptx_f16_g48_s00_p00 role=probe_after extra_exp_probe=0 ITER=15079667 elapsed_s=12.3595 gap_s=0.0118406 trace_power_W=239.685 trace_status=pass delta_E_J=2962.38 net_E_J=1495.95 smid_ok=1
run_id=softmax_1784950817720_softmax_full_f16io_f32acc_ptx_ex2_approx_f16_r1 mode=softmax_full_f16io_f32acc pair_id=softmax_oratc_targeted_g48s1024_confirm_v1_20260725_sess02_pos3_ptx_f16_g48_s1024_cache_reuse_candidate_probe_ptx_f16_g48_s00_p01 role=full_before extra_exp_probe=1 ITER=15079667 elapsed_s=12.3433 gap_s=0.0125928 trace_power_W=240.754 trace_status=pass delta_E_J=2971.7 net_E_J=1507.19 smid_ok=1
run_id=softmax_1784950830076_softmax_full_f16io_f32acc_ptx_ex2_approx_f16_r1 mode=softmax_full_f16io_f32acc pair_id=softmax_oratc_targeted_g48s1024_confirm_v1_20260725_sess02_pos3_ptx_f16_g48_s1024_cache_reuse_candidate_probe_ptx_f16_g48_s00_p01 role=probe_middle extra_exp_probe=0 ITER=15079667 elapsed_s=12.366 gap_s=0.0123262 trace_power_W=240.863 trace_status=pass delta_E_J=2978.52 net_E_J=1511.31 smid_ok=1
run_id=softmax_1784950842457_softmax_full_f16io_f32acc_ptx_ex2_approx_f16_r1 mode=softmax_full_f16io_f32acc pair_id=softmax_oratc_targeted_g48s1024_confirm_v1_20260725_sess02_pos3_ptx_f16_g48_s1024_cache_reuse_candidate_probe_ptx_f16_g48_s00_p01 role=full_after extra_exp_probe=1 ITER=15079667 elapsed_s=12.3447 gap_s=0.0145532 trace_power_W=245.044 trace_status=pass delta_E_J=3025 net_E_J=1560.32 smid_ok=1
run_id=softmax_1784950854813_softmax_full_f16io_f32acc_ptx_ex2_approx_f16_r2 mode=softmax_full_f16io_f32acc pair_id=softmax_oratc_targeted_g48s1024_confirm_v1_20260725_sess02_pos3_ptx_f16_g48_s1024_cache_reuse_candidate_probe_ptx_f16_g48_s00_p02 role=full_before extra_exp_probe=1 ITER=15079667 elapsed_s=12.3426 gap_s=0.011175 trace_power_W=241.034 trace_status=pass delta_E_J=2974.97 net_E_J=1510.55 smid_ok=1
run_id=softmax_1784950867169_softmax_full_f16io_f32acc_ptx_ex2_approx_f16_r2 mode=softmax_full_f16io_f32acc pair_id=softmax_oratc_targeted_g48s1024_confirm_v1_20260725_sess02_pos3_ptx_f16_g48_s1024_cache_reuse_candidate_probe_ptx_f16_g48_s00_p02 role=probe_middle extra_exp_probe=0 ITER=15079667 elapsed_s=12.3623 gap_s=0.0132007 trace_power_W=240.463 trace_status=pass delta_E_J=2972.68 net_E_J=1505.91 smid_ok=1
run_id=softmax_1784950879545_softmax_full_f16io_f32acc_ptx_ex2_approx_f16_r2 mode=softmax_full_f16io_f32acc pair_id=softmax_oratc_targeted_g48s1024_confirm_v1_20260725_sess02_pos3_ptx_f16_g48_s1024_cache_reuse_candidate_probe_ptx_f16_g48_s00_p02 role=full_after extra_exp_probe=1 ITER=15079667 elapsed_s=12.3431 gap_s=0.0134091 trace_power_W=244.861 trace_status=pass delta_E_J=3022.35 net_E_J=1557.86 smid_ok=1
run_id=softmax_1784950891900_softmax_full_f16io_f32acc_ptx_ex2_approx_f16_r3 mode=softmax_full_f16io_f32acc pair_id=softmax_oratc_targeted_g48s1024_confirm_v1_20260725_sess02_pos3_ptx_f16_g48_s1024_cache_reuse_candidate_probe_ptx_f16_g48_s00_p03 role=probe_before extra_exp_probe=0 ITER=15079667 elapsed_s=12.367 gap_s=0.0116948 trace_power_W=240.138 trace_status=pass delta_E_J=2969.79 net_E_J=1502.46 smid_ok=1
run_id=softmax_1784950904278_softmax_full_f16io_f32acc_ptx_ex2_approx_f16_r3 mode=softmax_full_f16io_f32acc pair_id=softmax_oratc_targeted_g48s1024_confirm_v1_20260725_sess02_pos3_ptx_f16_g48_s1024_cache_reuse_candidate_probe_ptx_f16_g48_s00_p03 role=full extra_exp_probe=1 ITER=15079667 elapsed_s=12.3417 gap_s=0.0111 trace_power_W=241.322 trace_status=pass delta_E_J=2978.32 net_E_J=1514 smid_ok=1
run_id=softmax_1784950916634_softmax_full_f16io_f32acc_ptx_ex2_approx_f16_r3 mode=softmax_full_f16io_f32acc pair_id=softmax_oratc_targeted_g48s1024_confirm_v1_20260725_sess02_pos3_ptx_f16_g48_s1024_cache_reuse_candidate_probe_ptx_f16_g48_s00_p03 role=probe_after extra_exp_probe=0 ITER=15079667 elapsed_s=12.3633 gap_s=0.0132528 trace_power_W=243.916 trace_status=pass delta_E_J=3015.61 net_E_J=1548.72 smid_ok=1
run_id=softmax_1784950929010_softmax_full_f16io_f32acc_ptx_ex2_approx_f16_r4 mode=softmax_full_f16io_f32acc pair_id=softmax_oratc_targeted_g48s1024_confirm_v1_20260725_sess02_pos3_ptx_f16_g48_s1024_cache_reuse_candidate_probe_ptx_f16_g48_s00_p04 role=probe_before extra_exp_probe=0 ITER=15079667 elapsed_s=12.3604 gap_s=0.0125433 trace_power_W=240.048 trace_status=pass delta_E_J=2967.08 net_E_J=1500.54 smid_ok=1
run_id=softmax_1784950941384_softmax_full_f16io_f32acc_ptx_ex2_approx_f16_r4 mode=softmax_full_f16io_f32acc pair_id=softmax_oratc_targeted_g48s1024_confirm_v1_20260725_sess02_pos3_ptx_f16_g48_s1024_cache_reuse_candidate_probe_ptx_f16_g48_s00_p04 role=full extra_exp_probe=1 ITER=15079667 elapsed_s=12.345 gap_s=0.0138901 trace_power_W=240.932 trace_status=pass delta_E_J=2974.29 net_E_J=1509.58 smid_ok=1
run_id=softmax_1784950953742_softmax_full_f16io_f32acc_ptx_ex2_approx_f16_r4 mode=softmax_full_f16io_f32acc pair_id=softmax_oratc_targeted_g48s1024_confirm_v1_20260725_sess02_pos3_ptx_f16_g48_s1024_cache_reuse_candidate_probe_ptx_f16_g48_s00_p04 role=probe_after extra_exp_probe=0 ITER=15079667 elapsed_s=12.3657 gap_s=0.0127393 trace_power_W=239.96 trace_status=pass delta_E_J=2967.27 net_E_J=1500.1 smid_ok=1
run_id=softmax_1784950966119_softmax_full_f16io_f32acc_ptx_ex2_approx_f16_r5 mode=softmax_full_f16io_f32acc pair_id=softmax_oratc_targeted_g48s1024_confirm_v1_20260725_sess02_pos3_ptx_f16_g48_s1024_cache_reuse_candidate_probe_ptx_f16_g48_s00_p05 role=full_before extra_exp_probe=1 ITER=15079667 elapsed_s=12.3436 gap_s=0.0106385 trace_power_W=245.212 trace_status=pass delta_E_J=3026.81 net_E_J=1562.26 smid_ok=1
run_id=softmax_1784950978474_softmax_full_f16io_f32acc_ptx_ex2_approx_f16_r5 mode=softmax_full_f16io_f32acc pair_id=softmax_oratc_targeted_g48s1024_confirm_v1_20260725_sess02_pos3_ptx_f16_g48_s1024_cache_reuse_candidate_probe_ptx_f16_g48_s00_p05 role=probe_middle extra_exp_probe=0 ITER=15079667 elapsed_s=12.361 gap_s=0.0114416 trace_power_W=239.951 trace_status=pass delta_E_J=2966.03 net_E_J=1499.42 smid_ok=1
run_id=softmax_1784950990850_softmax_full_f16io_f32acc_ptx_ex2_approx_f16_r5 mode=softmax_full_f16io_f32acc pair_id=softmax_oratc_targeted_g48s1024_confirm_v1_20260725_sess02_pos3_ptx_f16_g48_s1024_cache_reuse_candidate_probe_ptx_f16_g48_s00_p05 role=full_after extra_exp_probe=1 ITER=15079667 elapsed_s=12.3442 gap_s=0.0146647 trace_power_W=240.964 trace_status=pass delta_E_J=2974.51 net_E_J=1509.89 smid_ok=1
raw_csv=results/raw/rtx3090_fp16_softmax_operand_rate_atc_targeted_g48s1024_confirm_v1_20260725_sess02_pos3_ptx_f16_g48_s1024_ptx_f16_raw.csv
manifest_csv=results/raw/rtx3090_fp16_softmax_operand_rate_atc_targeted_g48s1024_confirm_v1_20260725_sess02_pos3_ptx_f16_g48_s1024_ptx_f16_manifest.csv
energy_trace_csv=results/raw/rtx3090_fp16_softmax_operand_rate_atc_targeted_g48s1024_confirm_v1_20260725_sess02_pos3_ptx_f16_g48_s1024_ptx_f16_raw_energy_trace.csv
binary_sha256=eeda8c0a1df3628d04c5bf15a486ba3dd0fc43935fbc51a18505a1dffb409b66

analyzer_command=python3 scripts/analyze_softmax_probe_counterbalanced.py --input results/raw/rtx3090_fp16_softmax_operand_rate_atc_targeted_g48s1024_confirm_v1_20260725_sess02_pos3_ptx_f16_g48_s1024_ptx_f16_raw.csv --energy-trace-input results/raw/rtx3090_fp16_softmax_operand_rate_atc_targeted_g48s1024_confirm_v1_20260725_sess02_pos3_ptx_f16_g48_s1024_ptx_f16_raw_energy_trace.csv --manifest results/raw/rtx3090_fp16_softmax_operand_rate_atc_targeted_g48s1024_confirm_v1_20260725_sess02_pos3_ptx_f16_g48_s1024_ptx_f16_manifest.csv --exp-impl ptx_f16 --grid-blocks 48 --triplet-out results/summary/rtx3090_softmax_ex2_targeted_targeted_g48s1024_confirm_v1_20260725_sess02_pos3_ptx_f16_g48_s1024_triplets.csv --matched-out results/summary/rtx3090_softmax_ex2_targeted_targeted_g48s1024_confirm_v1_20260725_sess02_pos3_ptx_f16_g48_s1024_matched.csv --summary-out results/summary/rtx3090_softmax_ex2_targeted_targeted_g48s1024_confirm_v1_20260725_sess02_pos3_ptx_f16_g48_s1024_summary.csv --report-out docs/results/rtx3090_softmax_ex2_targeted_targeted_g48s1024_confirm_v1_20260725_sess02_pos3_ptx_f16_g48_s1024_ko.md --decision-stage pilot --energy-trace-min-fit-points 16 --bootstrap-samples 4000 --seed 20266779
triplet_out=results/summary/rtx3090_softmax_ex2_targeted_targeted_g48s1024_confirm_v1_20260725_sess02_pos3_ptx_f16_g48_s1024_triplets.csv
matched_out=results/summary/rtx3090_softmax_ex2_targeted_targeted_g48s1024_confirm_v1_20260725_sess02_pos3_ptx_f16_g48_s1024_matched.csv
summary_out=results/summary/rtx3090_softmax_ex2_targeted_targeted_g48s1024_confirm_v1_20260725_sess02_pos3_ptx_f16_g48_s1024_summary.csv
verdict=positive_identified_pilot
