label=sess02_pos1_ptx_f16x2_g48_s1024:runner
started_at=2026-07-25T12:29:05+09:00
command=python3 scripts/run_softmax_operand_rate_atc.py --binary build-softmax/a100_fp16_softmax_energy --gpu-id 0 --target-profile rtx3090 --exp-impl ptx_f16x2 --softmax-cols 1024 --blocks-per-sm 2 --grid-blocks-list 48 --control-mode probe --logit-scale 4.0 --seconds 13.0 --idle-measure-seconds 1.0 --pairs 6 --bracket-warmup-pairs 1 --execution-mode persistent_bracket --bracket-idle-policy batch_once --bracket-order counterbalanced6 --preheat-seconds 20.0 --preheat-actual-min-seconds 16.0 --preheat-actual-max-seconds 30.0 --conditions cache_reuse_candidate --cache-policy default --energy-trace 1 --energy-trace-sample-ms 500.0 --energy-trace-min-updates 16 --tag targeted_g48s1024_confirm_v1_20260725_sess02_pos1_ptx_f16x2_g48_s1024 --out-dir results/raw --max-gpu-util-pct 10.0 --max-memory-util-pct 15.0 --quiescence-timeout-s 60.0 --quiescence-poll-s 1.0 --quiescence-consecutive-samples 2
+ build-softmax/a100_fp16_softmax_energy --mode full --gpu-id 0 --target-profile rtx3090 --exp-impl ptx_f16x2 --softmax-cols 1024 --blocks-per-sm 2 --seconds 13.0 --idle-measure-seconds 1.0 --logit-scale 4.0 --cache-condition cache_reuse_candidate --cache-policy default --grid-blocks 48 --dry-run
gpu_name=NVIDIA GeForce RTX 3090
compute_capability=8.6
cuda_pci_bus_id=0000:01:00.0
cuda_binary_arch=86
runtime_sm_count=82
runtime_l2_bytes=6291456
grid_blocks=48
grid_blocks_source=explicit
row_tiles_per_block=1
tile_stride=1
working_set_bytes=196608
exp_impl=ptx_ex2_approx_f16x2
exp_input_dtype=fp16x2_packed_b32
special_function_path=direct_inline_ptx_ex2_approx_f16x2
exp_ptx_instruction=ex2.approx.f16x2
exp_results_per_ptx_instruction=2
sass_mufu_ex2_per_ptx_instruction_model=2
sass_lowering_model_status=cuda_13_2_sm80_sm86_scalarized_requires_final_binary_gate
expected_control_ex2_scalar_results_per_cta_iter=1024
expected_treatment_ex2_scalar_results_per_cta_iter=2048
expected_probe_ex2_scalar_results_per_cta_iter=1024
expected_control_ex2_ptx_instructions_per_cta_iter=512
expected_treatment_ex2_ptx_instructions_per_cta_iter=1024
expected_probe_ex2_ptx_instructions_per_cta_iter=512
xu_documented_results_per_sm_cycle=0
expected_control_xu_thread_ops_per_cta_iter=1280
expected_treatment_xu_thread_ops_per_cta_iter=2304
expected_probe_xu_thread_ops_per_cta_iter=1024
ideal_control_xu_cycles_per_cta_iter=0
ideal_treatment_xu_cycles_per_cta_iter=0
ideal_probe_xu_cycles_per_cta_iter=0
measurement_purpose=energy_atc
occupancy_max_blocks_per_sm=6
static_single_wave_capacity_blocks=492
static_single_wave_capacity_gate_pass=1
occupancy_gate_pass=1
smid_sparse_id_self_check=pass
+ build-softmax/a100_fp16_softmax_energy --mode full --gpu-id 0 --target-profile rtx3090 --exp-impl ptx_f16x2 --softmax-cols 1024 --blocks-per-sm 2 --seconds 13.0 --idle-measure-seconds 1.0 --logit-scale 4.0 --cache-condition cache_reuse_candidate --cache-policy default --grid-blocks 48 --validate-only
gpu_name=NVIDIA GeForce RTX 3090
compute_capability=8.6
cuda_pci_bus_id=0000:01:00.0
cuda_binary_arch=86
runtime_sm_count=82
runtime_l2_bytes=6291456
grid_blocks=48
grid_blocks_source=explicit
row_tiles_per_block=1
tile_stride=1
working_set_bytes=196608
exp_impl=ptx_ex2_approx_f16x2
exp_input_dtype=fp16x2_packed_b32
special_function_path=direct_inline_ptx_ex2_approx_f16x2
exp_ptx_instruction=ex2.approx.f16x2
exp_results_per_ptx_instruction=2
sass_mufu_ex2_per_ptx_instruction_model=2
sass_lowering_model_status=cuda_13_2_sm80_sm86_scalarized_requires_final_binary_gate
expected_control_ex2_scalar_results_per_cta_iter=1024
expected_treatment_ex2_scalar_results_per_cta_iter=2048
expected_probe_ex2_scalar_results_per_cta_iter=1024
expected_control_ex2_ptx_instructions_per_cta_iter=512
expected_treatment_ex2_ptx_instructions_per_cta_iter=1024
expected_probe_ex2_ptx_instructions_per_cta_iter=512
xu_documented_results_per_sm_cycle=0
expected_control_xu_thread_ops_per_cta_iter=1280
expected_treatment_xu_thread_ops_per_cta_iter=2304
expected_probe_xu_thread_ops_per_cta_iter=1024
ideal_control_xu_cycles_per_cta_iter=0
ideal_treatment_xu_cycles_per_cta_iter=0
ideal_probe_xu_cycles_per_cta_iter=0
measurement_purpose=energy_atc
occupancy_max_blocks_per_sm=6
static_single_wave_capacity_blocks=492
static_single_wave_capacity_gate_pass=1
occupancy_gate_pass=1
smid_sparse_id_self_check=pass
numerical_check_id=fp16_softmax_cpu_fp64_native_ex2_v1_pass exp_impl=ptx_ex2_approx_f16x2 max_abs_error=1.34815e-05 max_row_sum_error=0.000152588 control_treatment_bit_identical=true
native_ex2_validation_id=ptx_ex2_f16_all_encodings_v1_pass packed_scalar_bit_mismatch_count=0 nan_classification_failure_count=0 normal_result_count=38657 subnormal_result_count=768 zero_result_count=11776 infinity_result_count=12289 max_normal_relative_error=0.000975214 documented_relative_error_bound=0.00104665 corner_cases_ok=true
+ build-softmax/a100_fp16_softmax_energy --mode full --gpu-id 0 --target-profile rtx3090 --exp-impl ptx_f16x2 --softmax-cols 1024 --blocks-per-sm 2 --seconds 13.0 --idle-measure-seconds 1.0 --logit-scale 4.0 --cache-condition cache_reuse_candidate --cache-policy default --grid-blocks 48 --extra-exp-probe 1 --calibrate-only
gpu_name=NVIDIA GeForce RTX 3090
compute_capability=8.6
cuda_pci_bus_id=0000:01:00.0
cuda_binary_arch=86
runtime_sm_count=82
runtime_l2_bytes=6291456
grid_blocks=48
grid_blocks_source=explicit
row_tiles_per_block=1
tile_stride=1
working_set_bytes=196608
exp_impl=ptx_ex2_approx_f16x2
exp_input_dtype=fp16x2_packed_b32
special_function_path=direct_inline_ptx_ex2_approx_f16x2
exp_ptx_instruction=ex2.approx.f16x2
exp_results_per_ptx_instruction=2
sass_mufu_ex2_per_ptx_instruction_model=2
sass_lowering_model_status=cuda_13_2_sm80_sm86_scalarized_requires_final_binary_gate
expected_control_ex2_scalar_results_per_cta_iter=1024
expected_treatment_ex2_scalar_results_per_cta_iter=2048
expected_probe_ex2_scalar_results_per_cta_iter=1024
expected_control_ex2_ptx_instructions_per_cta_iter=512
expected_treatment_ex2_ptx_instructions_per_cta_iter=1024
expected_probe_ex2_ptx_instructions_per_cta_iter=512
xu_documented_results_per_sm_cycle=0
expected_control_xu_thread_ops_per_cta_iter=1280
expected_treatment_xu_thread_ops_per_cta_iter=2304
expected_probe_xu_thread_ops_per_cta_iter=1024
ideal_control_xu_cycles_per_cta_iter=0
ideal_treatment_xu_cycles_per_cta_iter=0
ideal_probe_xu_cycles_per_cta_iter=0
measurement_purpose=energy_atc
occupancy_max_blocks_per_sm=6
static_single_wave_capacity_blocks=492
static_single_wave_capacity_gate_pass=1
occupancy_gate_pass=1
smid_sparse_id_self_check=pass
calibrated_iters=15084413 trial_iters=64658 trial_elapsed_s=0.0585095
condition=cache_reuse_candidate grid_blocks=48 common_full_iters=15084413
+ build-softmax/a100_fp16_softmax_energy --mode full --gpu-id 0 --target-profile rtx3090 --exp-impl ptx_f16x2 --softmax-cols 1024 --blocks-per-sm 2 --seconds 13.0 --idle-measure-seconds 1.0 --logit-scale 4.0 --cache-condition cache_reuse_candidate --cache-policy default --grid-blocks 48 --iters 23206790 --output results/raw/rtx3090_fp16_softmax_operand_rate_atc_targeted_g48s1024_confirm_v1_20260725_sess02_pos1_ptx_f16x2_g48_s1024_ptx_f16x2_cache_reuse_candidate_g48_preheat.csv --pair-id preheat_targeted_g48s1024_confirm_v1_20260725_sess02_pos1_ptx_f16x2_g48_s1024_cache_reuse_candidate_g48 --role preheat --repeat-index -1 --sequence-index -1 --extra-exp-probe 1 --energy-trace 0 --numerical-check-id fp16_softmax_cpu_fp64_native_ex2_v1_pass --binary-sha256 eeda8c0a1df3628d04c5bf15a486ba3dd0fc43935fbc51a18505a1dffb409b66
gpu_name=NVIDIA GeForce RTX 3090
compute_capability=8.6
cuda_pci_bus_id=0000:01:00.0
cuda_binary_arch=86
runtime_sm_count=82
runtime_l2_bytes=6291456
grid_blocks=48
grid_blocks_source=explicit
row_tiles_per_block=1
tile_stride=1
working_set_bytes=196608
exp_impl=ptx_ex2_approx_f16x2
exp_input_dtype=fp16x2_packed_b32
special_function_path=direct_inline_ptx_ex2_approx_f16x2
exp_ptx_instruction=ex2.approx.f16x2
exp_results_per_ptx_instruction=2
sass_mufu_ex2_per_ptx_instruction_model=2
sass_lowering_model_status=cuda_13_2_sm80_sm86_scalarized_requires_final_binary_gate
expected_control_ex2_scalar_results_per_cta_iter=1024
expected_treatment_ex2_scalar_results_per_cta_iter=2048
expected_probe_ex2_scalar_results_per_cta_iter=1024
expected_control_ex2_ptx_instructions_per_cta_iter=512
expected_treatment_ex2_ptx_instructions_per_cta_iter=1024
expected_probe_ex2_ptx_instructions_per_cta_iter=512
xu_documented_results_per_sm_cycle=0
expected_control_xu_thread_ops_per_cta_iter=1280
expected_treatment_xu_thread_ops_per_cta_iter=2304
expected_probe_xu_thread_ops_per_cta_iter=1024
ideal_control_xu_cycles_per_cta_iter=0
ideal_treatment_xu_cycles_per_cta_iter=0
ideal_probe_xu_cycles_per_cta_iter=0
measurement_purpose=energy_atc
occupancy_max_blocks_per_sm=6
static_single_wave_capacity_blocks=492
static_single_wave_capacity_gate_pass=1
occupancy_gate_pass=1
smid_sparse_id_self_check=pass
run_id=softmax_1784950147669_softmax_full_f16io_f32acc_ptx_ex2_approx_f16x2_r0 mode=softmax_full_f16io_f32acc extra_exp_probe=1 ITER=23206790 elapsed_s=19.1303 trace_power_W=0 trace_status=disabled_endpoint_only delta_E_J=4582.7 net_E_J=2139.47 smid_ok=1
condition=cache_reuse_candidate grid_blocks=48 thermal_preheat_seconds=20.0 thermal_preheat_iters=23206790
+ build-softmax/a100_fp16_softmax_energy --mode full --gpu-id 0 --target-profile rtx3090 --exp-impl ptx_f16x2 --softmax-cols 1024 --blocks-per-sm 2 --seconds 13.0 --idle-measure-seconds 1.0 --logit-scale 4.0 --cache-condition cache_reuse_candidate --cache-policy default --grid-blocks 48 --iters 15084413 --output results/raw/rtx3090_fp16_softmax_operand_rate_atc_targeted_g48s1024_confirm_v1_20260725_sess02_pos1_ptx_f16x2_g48_s1024_ptx_f16x2_raw.csv --bracket-control probe --bracket-pairs 6 --bracket-warmup-pairs 1 --pair-prefix softmax_oratc_targeted_g48s1024_confirm_v1_20260725_sess02_pos1_ptx_f16x2_g48_s1024_cache_reuse_candidate_probe_ptx_f16x2_g48_s00 --bracket-idle-policy batch_once --bracket-order counterbalanced6 --extra-exp-probe 0 --energy-trace 1 --energy-trace-sample-ms 500.0 --energy-trace-min-updates 16 --energy-trace-output results/raw/rtx3090_fp16_softmax_operand_rate_atc_targeted_g48s1024_confirm_v1_20260725_sess02_pos1_ptx_f16x2_g48_s1024_ptx_f16x2_raw_energy_trace.csv --numerical-check-id fp16_softmax_cpu_fp64_native_ex2_v1_pass --binary-sha256 eeda8c0a1df3628d04c5bf15a486ba3dd0fc43935fbc51a18505a1dffb409b66
gpu_name=NVIDIA GeForce RTX 3090
compute_capability=8.6
cuda_pci_bus_id=0000:01:00.0
cuda_binary_arch=86
runtime_sm_count=82
runtime_l2_bytes=6291456
grid_blocks=48
grid_blocks_source=explicit
row_tiles_per_block=1
tile_stride=1
working_set_bytes=196608
exp_impl=ptx_ex2_approx_f16x2
exp_input_dtype=fp16x2_packed_b32
special_function_path=direct_inline_ptx_ex2_approx_f16x2
exp_ptx_instruction=ex2.approx.f16x2
exp_results_per_ptx_instruction=2
sass_mufu_ex2_per_ptx_instruction_model=2
sass_lowering_model_status=cuda_13_2_sm80_sm86_scalarized_requires_final_binary_gate
expected_control_ex2_scalar_results_per_cta_iter=1024
expected_treatment_ex2_scalar_results_per_cta_iter=2048
expected_probe_ex2_scalar_results_per_cta_iter=1024
expected_control_ex2_ptx_instructions_per_cta_iter=512
expected_treatment_ex2_ptx_instructions_per_cta_iter=1024
expected_probe_ex2_ptx_instructions_per_cta_iter=512
xu_documented_results_per_sm_cycle=0
expected_control_xu_thread_ops_per_cta_iter=1280
expected_treatment_xu_thread_ops_per_cta_iter=2304
expected_probe_xu_thread_ops_per_cta_iter=1024
ideal_control_xu_cycles_per_cta_iter=0
ideal_treatment_xu_cycles_per_cta_iter=0
ideal_probe_xu_cycles_per_cta_iter=0
measurement_purpose=energy_atc
occupancy_max_blocks_per_sm=6
static_single_wave_capacity_blocks=492
static_single_wave_capacity_gate_pass=1
occupancy_gate_pass=1
smid_sparse_id_self_check=pass
unrecorded_bracket_warmup_pairs=1
run_id=softmax_1784950207180_softmax_full_f16io_f32acc_ptx_ex2_approx_f16x2_r0 mode=softmax_full_f16io_f32acc pair_id=softmax_oratc_targeted_g48s1024_confirm_v1_20260725_sess02_pos1_ptx_f16x2_g48_s1024_cache_reuse_candidate_probe_ptx_f16x2_g48_s00_p00 role=probe_before extra_exp_probe=0 ITER=15084413 elapsed_s=12.3063 gap_s=-1 trace_power_W=233.123 trace_status=pass delta_E_J=2868.89 net_E_J=1388.79 smid_ok=1
run_id=softmax_1784950219501_softmax_full_f16io_f32acc_ptx_ex2_approx_f16x2_r0 mode=softmax_full_f16io_f32acc pair_id=softmax_oratc_targeted_g48s1024_confirm_v1_20260725_sess02_pos1_ptx_f16x2_g48_s1024_cache_reuse_candidate_probe_ptx_f16x2_g48_s00_p00 role=full extra_exp_probe=1 ITER=15084413 elapsed_s=12.349 gap_s=0.0133308 trace_power_W=234.728 trace_status=pass delta_E_J=2898.64 net_E_J=1413.42 smid_ok=1
run_id=softmax_1784950231863_softmax_full_f16io_f32acc_ptx_ex2_approx_f16x2_r0 mode=softmax_full_f16io_f32acc pair_id=softmax_oratc_targeted_g48s1024_confirm_v1_20260725_sess02_pos1_ptx_f16x2_g48_s1024_cache_reuse_candidate_probe_ptx_f16x2_g48_s00_p00 role=probe_after extra_exp_probe=0 ITER=15084413 elapsed_s=12.3143 gap_s=0.0125363 trace_power_W=234.07 trace_status=pass delta_E_J=2882.41 net_E_J=1401.35 smid_ok=1
run_id=softmax_1784950244187_softmax_full_f16io_f32acc_ptx_ex2_approx_f16x2_r1 mode=softmax_full_f16io_f32acc pair_id=softmax_oratc_targeted_g48s1024_confirm_v1_20260725_sess02_pos1_ptx_f16x2_g48_s1024_cache_reuse_candidate_probe_ptx_f16x2_g48_s00_p01 role=full_before extra_exp_probe=1 ITER=15084413 elapsed_s=12.358 gap_s=0.0102022 trace_power_W=234.915 trace_status=pass delta_E_J=2903.08 net_E_J=1416.77 smid_ok=1
run_id=softmax_1784950256558_softmax_full_f16io_f32acc_ptx_ex2_approx_f16x2_r1 mode=softmax_full_f16io_f32acc pair_id=softmax_oratc_targeted_g48s1024_confirm_v1_20260725_sess02_pos1_ptx_f16x2_g48_s1024_cache_reuse_candidate_probe_ptx_f16x2_g48_s00_p01 role=probe_middle extra_exp_probe=0 ITER=15084413 elapsed_s=12.3112 gap_s=0.0121781 trace_power_W=234.293 trace_status=pass delta_E_J=2884.42 net_E_J=1403.74 smid_ok=1
run_id=softmax_1784950268879_softmax_full_f16io_f32acc_ptx_ex2_approx_f16x2_r1 mode=softmax_full_f16io_f32acc pair_id=softmax_oratc_targeted_g48s1024_confirm_v1_20260725_sess02_pos1_ptx_f16x2_g48_s1024_cache_reuse_candidate_probe_ptx_f16x2_g48_s00_p01 role=full_after extra_exp_probe=1 ITER=15084413 elapsed_s=12.3515 gap_s=0.0100226 trace_power_W=235.227 trace_status=pass delta_E_J=2905.42 net_E_J=1419.88 smid_ok=1
run_id=softmax_1784950281245_softmax_full_f16io_f32acc_ptx_ex2_approx_f16x2_r2 mode=softmax_full_f16io_f32acc pair_id=softmax_oratc_targeted_g48s1024_confirm_v1_20260725_sess02_pos1_ptx_f16x2_g48_s1024_cache_reuse_candidate_probe_ptx_f16x2_g48_s00_p02 role=full_before extra_exp_probe=1 ITER=15084413 elapsed_s=12.3591 gap_s=0.0142049 trace_power_W=236.414 trace_status=pass delta_E_J=2921.86 net_E_J=1435.42 smid_ok=1
run_id=softmax_1784950293618_softmax_full_f16io_f32acc_ptx_ex2_approx_f16x2_r2 mode=softmax_full_f16io_f32acc pair_id=softmax_oratc_targeted_g48s1024_confirm_v1_20260725_sess02_pos1_ptx_f16x2_g48_s1024_cache_reuse_candidate_probe_ptx_f16x2_g48_s00_p02 role=probe_middle extra_exp_probe=0 ITER=15084413 elapsed_s=12.3095 gap_s=0.013521 trace_power_W=235.472 trace_status=pass delta_E_J=2898.56 net_E_J=1418.07 smid_ok=1
run_id=softmax_1784950305941_softmax_full_f16io_f32acc_ptx_ex2_approx_f16x2_r2 mode=softmax_full_f16io_f32acc pair_id=softmax_oratc_targeted_g48s1024_confirm_v1_20260725_sess02_pos1_ptx_f16x2_g48_s1024_cache_reuse_candidate_probe_ptx_f16x2_g48_s00_p02 role=full_after extra_exp_probe=1 ITER=15084413 elapsed_s=12.3503 gap_s=0.0137546 trace_power_W=235.753 trace_status=pass delta_E_J=2911.61 net_E_J=1426.23 smid_ok=1
run_id=softmax_1784950318302_softmax_full_f16io_f32acc_ptx_ex2_approx_f16x2_r3 mode=softmax_full_f16io_f32acc pair_id=softmax_oratc_targeted_g48s1024_confirm_v1_20260725_sess02_pos1_ptx_f16x2_g48_s1024_cache_reuse_candidate_probe_ptx_f16x2_g48_s00_p03 role=probe_before extra_exp_probe=0 ITER=15084413 elapsed_s=12.3038 gap_s=0.0102632 trace_power_W=234.414 trace_status=pass delta_E_J=2884.18 net_E_J=1404.39 smid_ok=1
run_id=softmax_1784950330617_softmax_full_f16io_f32acc_ptx_ex2_approx_f16x2_r3 mode=softmax_full_f16io_f32acc pair_id=softmax_oratc_targeted_g48s1024_confirm_v1_20260725_sess02_pos1_ptx_f16x2_g48_s1024_cache_reuse_candidate_probe_ptx_f16x2_g48_s00_p03 role=full extra_exp_probe=1 ITER=15084413 elapsed_s=12.3549 gap_s=0.0104115 trace_power_W=239.301 trace_status=pass delta_E_J=2956.55 net_E_J=1470.61 smid_ok=1
run_id=softmax_1784950342986_softmax_full_f16io_f32acc_ptx_ex2_approx_f16x2_r3 mode=softmax_full_f16io_f32acc pair_id=softmax_oratc_targeted_g48s1024_confirm_v1_20260725_sess02_pos1_ptx_f16x2_g48_s1024_cache_reuse_candidate_probe_ptx_f16x2_g48_s00_p03 role=probe_after extra_exp_probe=0 ITER=15084413 elapsed_s=12.3061 gap_s=0.0139494 trace_power_W=233.9 trace_status=pass delta_E_J=2878.39 net_E_J=1398.32 smid_ok=1
run_id=softmax_1784950355306_softmax_full_f16io_f32acc_ptx_ex2_approx_f16x2_r4 mode=softmax_full_f16io_f32acc pair_id=softmax_oratc_targeted_g48s1024_confirm_v1_20260725_sess02_pos1_ptx_f16x2_g48_s1024_cache_reuse_candidate_probe_ptx_f16x2_g48_s00_p04 role=probe_before extra_exp_probe=0 ITER=15084413 elapsed_s=12.307 gap_s=0.0141555 trace_power_W=237.623 trace_status=pass delta_E_J=2924.43 net_E_J=1444.25 smid_ok=1
run_id=softmax_1784950367624_softmax_full_f16io_f32acc_ptx_ex2_approx_f16x2_r4 mode=softmax_full_f16io_f32acc pair_id=softmax_oratc_targeted_g48s1024_confirm_v1_20260725_sess02_pos1_ptx_f16x2_g48_s1024_cache_reuse_candidate_probe_ptx_f16x2_g48_s00_p04 role=full extra_exp_probe=1 ITER=15084413 elapsed_s=12.3547 gap_s=0.0101952 trace_power_W=235.922 trace_status=pass delta_E_J=2914.75 net_E_J=1428.84 smid_ok=1
run_id=softmax_1784950379992_softmax_full_f16io_f32acc_ptx_ex2_approx_f16x2_r4 mode=softmax_full_f16io_f32acc pair_id=softmax_oratc_targeted_g48s1024_confirm_v1_20260725_sess02_pos1_ptx_f16x2_g48_s1024_cache_reuse_candidate_probe_ptx_f16x2_g48_s00_p04 role=probe_after extra_exp_probe=0 ITER=15084413 elapsed_s=12.3084 gap_s=0.0129227 trace_power_W=236.873 trace_status=pass delta_E_J=2915.52 net_E_J=1435.18 smid_ok=1
run_id=softmax_1784950392313_softmax_full_f16io_f32acc_ptx_ex2_approx_f16x2_r5 mode=softmax_full_f16io_f32acc pair_id=softmax_oratc_targeted_g48s1024_confirm_v1_20260725_sess02_pos1_ptx_f16x2_g48_s1024_cache_reuse_candidate_probe_ptx_f16x2_g48_s00_p05 role=full_before extra_exp_probe=1 ITER=15084413 elapsed_s=12.3546 gap_s=0.0124759 trace_power_W=236.103 trace_status=pass delta_E_J=2916.97 net_E_J=1431.06 smid_ok=1
run_id=softmax_1784950404678_softmax_full_f16io_f32acc_ptx_ex2_approx_f16x2_r5 mode=softmax_full_f16io_f32acc pair_id=softmax_oratc_targeted_g48s1024_confirm_v1_20260725_sess02_pos1_ptx_f16x2_g48_s1024_cache_reuse_candidate_probe_ptx_f16x2_g48_s00_p05 role=probe_middle extra_exp_probe=0 ITER=15084413 elapsed_s=12.3069 gap_s=0.0102368 trace_power_W=235.527 trace_status=pass delta_E_J=2898.61 net_E_J=1418.45 smid_ok=1
run_id=softmax_1784950416997_softmax_full_f16io_f32acc_ptx_ex2_approx_f16x2_r5 mode=softmax_full_f16io_f32acc pair_id=softmax_oratc_targeted_g48s1024_confirm_v1_20260725_sess02_pos1_ptx_f16x2_g48_s1024_cache_reuse_candidate_probe_ptx_f16x2_g48_s00_p05 role=full_after extra_exp_probe=1 ITER=15084413 elapsed_s=12.3479 gap_s=0.0141426 trace_power_W=237.723 trace_status=pass delta_E_J=2935.37 net_E_J=1450.28 smid_ok=1
raw_csv=results/raw/rtx3090_fp16_softmax_operand_rate_atc_targeted_g48s1024_confirm_v1_20260725_sess02_pos1_ptx_f16x2_g48_s1024_ptx_f16x2_raw.csv
manifest_csv=results/raw/rtx3090_fp16_softmax_operand_rate_atc_targeted_g48s1024_confirm_v1_20260725_sess02_pos1_ptx_f16x2_g48_s1024_ptx_f16x2_manifest.csv
energy_trace_csv=results/raw/rtx3090_fp16_softmax_operand_rate_atc_targeted_g48s1024_confirm_v1_20260725_sess02_pos1_ptx_f16x2_g48_s1024_ptx_f16x2_raw_energy_trace.csv
binary_sha256=eeda8c0a1df3628d04c5bf15a486ba3dd0fc43935fbc51a18505a1dffb409b66

analyzer_command=python3 scripts/analyze_softmax_probe_counterbalanced.py --input results/raw/rtx3090_fp16_softmax_operand_rate_atc_targeted_g48s1024_confirm_v1_20260725_sess02_pos1_ptx_f16x2_g48_s1024_ptx_f16x2_raw.csv --energy-trace-input results/raw/rtx3090_fp16_softmax_operand_rate_atc_targeted_g48s1024_confirm_v1_20260725_sess02_pos1_ptx_f16x2_g48_s1024_ptx_f16x2_raw_energy_trace.csv --manifest results/raw/rtx3090_fp16_softmax_operand_rate_atc_targeted_g48s1024_confirm_v1_20260725_sess02_pos1_ptx_f16x2_g48_s1024_ptx_f16x2_manifest.csv --exp-impl ptx_f16x2 --grid-blocks 48 --triplet-out results/summary/rtx3090_softmax_ex2_targeted_targeted_g48s1024_confirm_v1_20260725_sess02_pos1_ptx_f16x2_g48_s1024_triplets.csv --matched-out results/summary/rtx3090_softmax_ex2_targeted_targeted_g48s1024_confirm_v1_20260725_sess02_pos1_ptx_f16x2_g48_s1024_matched.csv --summary-out results/summary/rtx3090_softmax_ex2_targeted_targeted_g48s1024_confirm_v1_20260725_sess02_pos1_ptx_f16x2_g48_s1024_summary.csv --report-out docs/results/rtx3090_softmax_ex2_targeted_targeted_g48s1024_confirm_v1_20260725_sess02_pos1_ptx_f16x2_g48_s1024_ko.md --decision-stage pilot --energy-trace-min-fit-points 16 --bootstrap-samples 4000 --seed 20264761
triplet_out=results/summary/rtx3090_softmax_ex2_targeted_targeted_g48s1024_confirm_v1_20260725_sess02_pos1_ptx_f16x2_g48_s1024_triplets.csv
matched_out=results/summary/rtx3090_softmax_ex2_targeted_targeted_g48s1024_confirm_v1_20260725_sess02_pos1_ptx_f16x2_g48_s1024_matched.csv
summary_out=results/summary/rtx3090_softmax_ex2_targeted_targeted_g48s1024_confirm_v1_20260725_sess02_pos1_ptx_f16x2_g48_s1024_summary.csv
verdict=not_identified
