label=sess03_pos1_ptx_f16_g48_s1024:runner
started_at=2026-07-25T12:43:25+09:00
command=python3 scripts/run_softmax_operand_rate_atc.py --binary build-softmax/a100_fp16_softmax_energy --gpu-id 0 --target-profile rtx3090 --exp-impl ptx_f16 --softmax-cols 1024 --blocks-per-sm 2 --grid-blocks-list 48 --control-mode probe --logit-scale 4.0 --seconds 13.0 --idle-measure-seconds 1.0 --pairs 6 --bracket-warmup-pairs 1 --execution-mode persistent_bracket --bracket-idle-policy batch_once --bracket-order counterbalanced6 --preheat-seconds 20.0 --preheat-actual-min-seconds 16.0 --preheat-actual-max-seconds 30.0 --conditions cache_reuse_candidate --cache-policy default --energy-trace 1 --energy-trace-sample-ms 500.0 --energy-trace-min-updates 16 --tag targeted_g48s1024_confirm_v1_20260725_sess03_pos1_ptx_f16_g48_s1024 --out-dir results/raw --max-gpu-util-pct 10.0 --max-memory-util-pct 15.0 --quiescence-timeout-s 60.0 --quiescence-poll-s 1.0 --quiescence-consecutive-samples 2
+ build-softmax/a100_fp16_softmax_energy --mode full --gpu-id 0 --target-profile rtx3090 --exp-impl ptx_f16 --softmax-cols 1024 --blocks-per-sm 2 --seconds 13.0 --idle-measure-seconds 1.0 --logit-scale 4.0 --cache-condition cache_reuse_candidate --cache-policy default --grid-blocks 48 --dry-run
gpu_name=NVIDIA GeForce RTX 3090
compute_capability=8.6
cuda_pci_bus_id=0000:01:00.0
cuda_binary_arch=86
runtime_sm_count=82
runtime_l2_bytes=6291456
grid_blocks=48
grid_blocks_source=explicit
row_tiles_per_block=1
tile_stride=1
working_set_bytes=196608
exp_impl=ptx_ex2_approx_f16
exp_input_dtype=fp16
special_function_path=direct_inline_ptx_ex2_approx_f16
exp_ptx_instruction=ex2.approx.f16
exp_results_per_ptx_instruction=1
sass_mufu_ex2_per_ptx_instruction_model=1
sass_lowering_model_status=cuda_13_2_sm80_sm86_observed_requires_final_binary_gate
expected_control_ex2_scalar_results_per_cta_iter=1024
expected_treatment_ex2_scalar_results_per_cta_iter=2048
expected_probe_ex2_scalar_results_per_cta_iter=1024
expected_control_ex2_ptx_instructions_per_cta_iter=1024
expected_treatment_ex2_ptx_instructions_per_cta_iter=2048
expected_probe_ex2_ptx_instructions_per_cta_iter=1024
xu_documented_results_per_sm_cycle=0
expected_control_xu_thread_ops_per_cta_iter=1280
expected_treatment_xu_thread_ops_per_cta_iter=2304
expected_probe_xu_thread_ops_per_cta_iter=1024
ideal_control_xu_cycles_per_cta_iter=0
ideal_treatment_xu_cycles_per_cta_iter=0
ideal_probe_xu_cycles_per_cta_iter=0
measurement_purpose=energy_atc
occupancy_max_blocks_per_sm=6
static_single_wave_capacity_blocks=492
static_single_wave_capacity_gate_pass=1
occupancy_gate_pass=1
smid_sparse_id_self_check=pass
+ build-softmax/a100_fp16_softmax_energy --mode full --gpu-id 0 --target-profile rtx3090 --exp-impl ptx_f16 --softmax-cols 1024 --blocks-per-sm 2 --seconds 13.0 --idle-measure-seconds 1.0 --logit-scale 4.0 --cache-condition cache_reuse_candidate --cache-policy default --grid-blocks 48 --validate-only
gpu_name=NVIDIA GeForce RTX 3090
compute_capability=8.6
cuda_pci_bus_id=0000:01:00.0
cuda_binary_arch=86
runtime_sm_count=82
runtime_l2_bytes=6291456
grid_blocks=48
grid_blocks_source=explicit
row_tiles_per_block=1
tile_stride=1
working_set_bytes=196608
exp_impl=ptx_ex2_approx_f16
exp_input_dtype=fp16
special_function_path=direct_inline_ptx_ex2_approx_f16
exp_ptx_instruction=ex2.approx.f16
exp_results_per_ptx_instruction=1
sass_mufu_ex2_per_ptx_instruction_model=1
sass_lowering_model_status=cuda_13_2_sm80_sm86_observed_requires_final_binary_gate
expected_control_ex2_scalar_results_per_cta_iter=1024
expected_treatment_ex2_scalar_results_per_cta_iter=2048
expected_probe_ex2_scalar_results_per_cta_iter=1024
expected_control_ex2_ptx_instructions_per_cta_iter=1024
expected_treatment_ex2_ptx_instructions_per_cta_iter=2048
expected_probe_ex2_ptx_instructions_per_cta_iter=1024
xu_documented_results_per_sm_cycle=0
expected_control_xu_thread_ops_per_cta_iter=1280
expected_treatment_xu_thread_ops_per_cta_iter=2304
expected_probe_xu_thread_ops_per_cta_iter=1024
ideal_control_xu_cycles_per_cta_iter=0
ideal_treatment_xu_cycles_per_cta_iter=0
ideal_probe_xu_cycles_per_cta_iter=0
measurement_purpose=energy_atc
occupancy_max_blocks_per_sm=6
static_single_wave_capacity_blocks=492
static_single_wave_capacity_gate_pass=1
occupancy_gate_pass=1
smid_sparse_id_self_check=pass
numerical_check_id=fp16_softmax_cpu_fp64_native_ex2_v1_pass exp_impl=ptx_ex2_approx_f16 max_abs_error=1.34815e-05 max_row_sum_error=0.000152588 control_treatment_bit_identical=true
native_ex2_validation_id=ptx_ex2_f16_all_encodings_v1_pass packed_scalar_bit_mismatch_count=0 nan_classification_failure_count=0 normal_result_count=38657 subnormal_result_count=768 zero_result_count=11776 infinity_result_count=12289 max_normal_relative_error=0.000975214 documented_relative_error_bound=0.00104665 corner_cases_ok=true
+ build-softmax/a100_fp16_softmax_energy --mode full --gpu-id 0 --target-profile rtx3090 --exp-impl ptx_f16 --softmax-cols 1024 --blocks-per-sm 2 --seconds 13.0 --idle-measure-seconds 1.0 --logit-scale 4.0 --cache-condition cache_reuse_candidate --cache-policy default --grid-blocks 48 --extra-exp-probe 1 --calibrate-only
gpu_name=NVIDIA GeForce RTX 3090
compute_capability=8.6
cuda_pci_bus_id=0000:01:00.0
cuda_binary_arch=86
runtime_sm_count=82
runtime_l2_bytes=6291456
grid_blocks=48
grid_blocks_source=explicit
row_tiles_per_block=1
tile_stride=1
working_set_bytes=196608
exp_impl=ptx_ex2_approx_f16
exp_input_dtype=fp16
special_function_path=direct_inline_ptx_ex2_approx_f16
exp_ptx_instruction=ex2.approx.f16
exp_results_per_ptx_instruction=1
sass_mufu_ex2_per_ptx_instruction_model=1
sass_lowering_model_status=cuda_13_2_sm80_sm86_observed_requires_final_binary_gate
expected_control_ex2_scalar_results_per_cta_iter=1024
expected_treatment_ex2_scalar_results_per_cta_iter=2048
expected_probe_ex2_scalar_results_per_cta_iter=1024
expected_control_ex2_ptx_instructions_per_cta_iter=1024
expected_treatment_ex2_ptx_instructions_per_cta_iter=2048
expected_probe_ex2_ptx_instructions_per_cta_iter=1024
xu_documented_results_per_sm_cycle=0
expected_control_xu_thread_ops_per_cta_iter=1280
expected_treatment_xu_thread_ops_per_cta_iter=2304
expected_probe_xu_thread_ops_per_cta_iter=1024
ideal_control_xu_cycles_per_cta_iter=0
ideal_treatment_xu_cycles_per_cta_iter=0
ideal_probe_xu_cycles_per_cta_iter=0
measurement_purpose=energy_atc
occupancy_max_blocks_per_sm=6
static_single_wave_capacity_blocks=492
static_single_wave_capacity_gate_pass=1
occupancy_gate_pass=1
smid_sparse_id_self_check=pass
calibrated_iters=15198566 trial_iters=66716 trial_elapsed_s=0.0599184
condition=cache_reuse_candidate grid_blocks=48 common_full_iters=15198566
+ build-softmax/a100_fp16_softmax_energy --mode full --gpu-id 0 --target-profile rtx3090 --exp-impl ptx_f16 --softmax-cols 1024 --blocks-per-sm 2 --seconds 13.0 --idle-measure-seconds 1.0 --logit-scale 4.0 --cache-condition cache_reuse_candidate --cache-policy default --grid-blocks 48 --iters 23382410 --output results/raw/rtx3090_fp16_softmax_operand_rate_atc_targeted_g48s1024_confirm_v1_20260725_sess03_pos1_ptx_f16_g48_s1024_ptx_f16_cache_reuse_candidate_g48_preheat.csv --pair-id preheat_targeted_g48s1024_confirm_v1_20260725_sess03_pos1_ptx_f16_g48_s1024_cache_reuse_candidate_g48 --role preheat --repeat-index -1 --sequence-index -1 --extra-exp-probe 1 --energy-trace 0 --numerical-check-id fp16_softmax_cpu_fp64_native_ex2_v1_pass --binary-sha256 eeda8c0a1df3628d04c5bf15a486ba3dd0fc43935fbc51a18505a1dffb409b66
gpu_name=NVIDIA GeForce RTX 3090
compute_capability=8.6
cuda_pci_bus_id=0000:01:00.0
cuda_binary_arch=86
runtime_sm_count=82
runtime_l2_bytes=6291456
grid_blocks=48
grid_blocks_source=explicit
row_tiles_per_block=1
tile_stride=1
working_set_bytes=196608
exp_impl=ptx_ex2_approx_f16
exp_input_dtype=fp16
special_function_path=direct_inline_ptx_ex2_approx_f16
exp_ptx_instruction=ex2.approx.f16
exp_results_per_ptx_instruction=1
sass_mufu_ex2_per_ptx_instruction_model=1
sass_lowering_model_status=cuda_13_2_sm80_sm86_observed_requires_final_binary_gate
expected_control_ex2_scalar_results_per_cta_iter=1024
expected_treatment_ex2_scalar_results_per_cta_iter=2048
expected_probe_ex2_scalar_results_per_cta_iter=1024
expected_control_ex2_ptx_instructions_per_cta_iter=1024
expected_treatment_ex2_ptx_instructions_per_cta_iter=2048
expected_probe_ex2_ptx_instructions_per_cta_iter=1024
xu_documented_results_per_sm_cycle=0
expected_control_xu_thread_ops_per_cta_iter=1280
expected_treatment_xu_thread_ops_per_cta_iter=2304
expected_probe_xu_thread_ops_per_cta_iter=1024
ideal_control_xu_cycles_per_cta_iter=0
ideal_treatment_xu_cycles_per_cta_iter=0
ideal_probe_xu_cycles_per_cta_iter=0
measurement_purpose=energy_atc
occupancy_max_blocks_per_sm=6
static_single_wave_capacity_blocks=492
static_single_wave_capacity_gate_pass=1
occupancy_gate_pass=1
smid_sparse_id_self_check=pass
run_id=softmax_1784951007766_softmax_full_f16io_f32acc_ptx_ex2_approx_f16_r0 mode=softmax_full_f16io_f32acc extra_exp_probe=1 ITER=23382410 elapsed_s=19.1348 trace_power_W=0 trace_status=disabled_endpoint_only delta_E_J=4590.77 net_E_J=2293.09 smid_ok=1
condition=cache_reuse_candidate grid_blocks=48 thermal_preheat_seconds=20.0 thermal_preheat_iters=23382410
+ build-softmax/a100_fp16_softmax_energy --mode full --gpu-id 0 --target-profile rtx3090 --exp-impl ptx_f16 --softmax-cols 1024 --blocks-per-sm 2 --seconds 13.0 --idle-measure-seconds 1.0 --logit-scale 4.0 --cache-condition cache_reuse_candidate --cache-policy default --grid-blocks 48 --iters 15198566 --output results/raw/rtx3090_fp16_softmax_operand_rate_atc_targeted_g48s1024_confirm_v1_20260725_sess03_pos1_ptx_f16_g48_s1024_ptx_f16_raw.csv --bracket-control probe --bracket-pairs 6 --bracket-warmup-pairs 1 --pair-prefix softmax_oratc_targeted_g48s1024_confirm_v1_20260725_sess03_pos1_ptx_f16_g48_s1024_cache_reuse_candidate_probe_ptx_f16_g48_s00 --bracket-idle-policy batch_once --bracket-order counterbalanced6 --extra-exp-probe 0 --energy-trace 1 --energy-trace-sample-ms 500.0 --energy-trace-min-updates 16 --energy-trace-output results/raw/rtx3090_fp16_softmax_operand_rate_atc_targeted_g48s1024_confirm_v1_20260725_sess03_pos1_ptx_f16_g48_s1024_ptx_f16_raw_energy_trace.csv --numerical-check-id fp16_softmax_cpu_fp64_native_ex2_v1_pass --binary-sha256 eeda8c0a1df3628d04c5bf15a486ba3dd0fc43935fbc51a18505a1dffb409b66
gpu_name=NVIDIA GeForce RTX 3090
compute_capability=8.6
cuda_pci_bus_id=0000:01:00.0
cuda_binary_arch=86
runtime_sm_count=82
runtime_l2_bytes=6291456
grid_blocks=48
grid_blocks_source=explicit
row_tiles_per_block=1
tile_stride=1
working_set_bytes=196608
exp_impl=ptx_ex2_approx_f16
exp_input_dtype=fp16
special_function_path=direct_inline_ptx_ex2_approx_f16
exp_ptx_instruction=ex2.approx.f16
exp_results_per_ptx_instruction=1
sass_mufu_ex2_per_ptx_instruction_model=1
sass_lowering_model_status=cuda_13_2_sm80_sm86_observed_requires_final_binary_gate
expected_control_ex2_scalar_results_per_cta_iter=1024
expected_treatment_ex2_scalar_results_per_cta_iter=2048
expected_probe_ex2_scalar_results_per_cta_iter=1024
expected_control_ex2_ptx_instructions_per_cta_iter=1024
expected_treatment_ex2_ptx_instructions_per_cta_iter=2048
expected_probe_ex2_ptx_instructions_per_cta_iter=1024
xu_documented_results_per_sm_cycle=0
expected_control_xu_thread_ops_per_cta_iter=1280
expected_treatment_xu_thread_ops_per_cta_iter=2304
expected_probe_xu_thread_ops_per_cta_iter=1024
ideal_control_xu_cycles_per_cta_iter=0
ideal_treatment_xu_cycles_per_cta_iter=0
ideal_probe_xu_cycles_per_cta_iter=0
measurement_purpose=energy_atc
occupancy_max_blocks_per_sm=6
static_single_wave_capacity_blocks=492
static_single_wave_capacity_gate_pass=1
occupancy_gate_pass=1
smid_sparse_id_self_check=pass
unrecorded_bracket_warmup_pairs=1
run_id=softmax_1784951067547_softmax_full_f16io_f32acc_ptx_ex2_approx_f16_r0 mode=softmax_full_f16io_f32acc pair_id=softmax_oratc_targeted_g48s1024_confirm_v1_20260725_sess03_pos1_ptx_f16_g48_s1024_cache_reuse_candidate_probe_ptx_f16_g48_s00_p00 role=probe_before extra_exp_probe=0 ITER=15198566 elapsed_s=12.3903 gap_s=-1 trace_power_W=239.212 trace_status=pass delta_E_J=2963.9 net_E_J=1483.21 smid_ok=1
run_id=softmax_1784951079949_softmax_full_f16io_f32acc_ptx_ex2_approx_f16_r0 mode=softmax_full_f16io_f32acc pair_id=softmax_oratc_targeted_g48s1024_confirm_v1_20260725_sess03_pos1_ptx_f16_g48_s1024_cache_reuse_candidate_probe_ptx_f16_g48_s00_p00 role=full extra_exp_probe=1 ITER=15198566 elapsed_s=12.4172 gap_s=0.011129 trace_power_W=239.963 trace_status=pass delta_E_J=2979.67 net_E_J=1495.76 smid_ok=1
run_id=softmax_1784951092379_softmax_full_f16io_f32acc_ptx_ex2_approx_f16_r0 mode=softmax_full_f16io_f32acc pair_id=softmax_oratc_targeted_g48s1024_confirm_v1_20260725_sess03_pos1_ptx_f16_g48_s1024_cache_reuse_candidate_probe_ptx_f16_g48_s00_p00 role=probe_after extra_exp_probe=0 ITER=15198566 elapsed_s=12.3941 gap_s=0.0125056 trace_power_W=243.915 trace_status=pass delta_E_J=3023.11 net_E_J=1541.95 smid_ok=1
run_id=softmax_1784951104787_softmax_full_f16io_f32acc_ptx_ex2_approx_f16_r1 mode=softmax_full_f16io_f32acc pair_id=softmax_oratc_targeted_g48s1024_confirm_v1_20260725_sess03_pos1_ptx_f16_g48_s1024_cache_reuse_candidate_probe_ptx_f16_g48_s00_p01 role=full_before extra_exp_probe=1 ITER=15198566 elapsed_s=12.4045 gap_s=0.0133094 trace_power_W=242.966 trace_status=pass delta_E_J=3013.87 net_E_J=1531.48 smid_ok=1
run_id=softmax_1784951117206_softmax_full_f16io_f32acc_ptx_ex2_approx_f16_r1 mode=softmax_full_f16io_f32acc pair_id=softmax_oratc_targeted_g48s1024_confirm_v1_20260725_sess03_pos1_ptx_f16_g48_s1024_cache_reuse_candidate_probe_ptx_f16_g48_s00_p01 role=probe_middle extra_exp_probe=0 ITER=15198566 elapsed_s=12.3915 gap_s=0.0149763 trace_power_W=239.782 trace_status=pass delta_E_J=2971.24 net_E_J=1490.41 smid_ok=1
run_id=softmax_1784951129608_softmax_full_f16io_f32acc_ptx_ex2_approx_f16_r1 mode=softmax_full_f16io_f32acc pair_id=softmax_oratc_targeted_g48s1024_confirm_v1_20260725_sess03_pos1_ptx_f16_g48_s1024_cache_reuse_candidate_probe_ptx_f16_g48_s00_p01 role=full_after extra_exp_probe=1 ITER=15198566 elapsed_s=12.4151 gap_s=0.0102815 trace_power_W=241.204 trace_status=pass delta_E_J=2994.58 net_E_J=1510.91 smid_ok=1
run_id=softmax_1784951142038_softmax_full_f16io_f32acc_ptx_ex2_approx_f16_r2 mode=softmax_full_f16io_f32acc pair_id=softmax_oratc_targeted_g48s1024_confirm_v1_20260725_sess03_pos1_ptx_f16_g48_s1024_cache_reuse_candidate_probe_ptx_f16_g48_s00_p02 role=full_before extra_exp_probe=1 ITER=15198566 elapsed_s=12.4087 gap_s=0.0144425 trace_power_W=240.904 trace_status=pass delta_E_J=2989.31 net_E_J=1506.41 smid_ok=1
run_id=softmax_1784951154460_softmax_full_f16io_f32acc_ptx_ex2_approx_f16_r2 mode=softmax_full_f16io_f32acc pair_id=softmax_oratc_targeted_g48s1024_confirm_v1_20260725_sess03_pos1_ptx_f16_g48_s1024_cache_reuse_candidate_probe_ptx_f16_g48_s00_p02 role=probe_middle extra_exp_probe=0 ITER=15198566 elapsed_s=12.3954 gap_s=0.0128862 trace_power_W=243.628 trace_status=pass delta_E_J=3019.87 net_E_J=1538.56 smid_ok=1
run_id=softmax_1784951166868_softmax_full_f16io_f32acc_ptx_ex2_approx_f16_r2 mode=softmax_full_f16io_f32acc pair_id=softmax_oratc_targeted_g48s1024_confirm_v1_20260725_sess03_pos1_ptx_f16_g48_s1024_cache_reuse_candidate_probe_ptx_f16_g48_s00_p02 role=full_after extra_exp_probe=1 ITER=15198566 elapsed_s=12.4098 gap_s=0.0124228 trace_power_W=242.372 trace_status=pass delta_E_J=3007.79 net_E_J=1524.77 smid_ok=1
run_id=softmax_1784951179292_softmax_full_f16io_f32acc_ptx_ex2_approx_f16_r3 mode=softmax_full_f16io_f32acc pair_id=softmax_oratc_targeted_g48s1024_confirm_v1_20260725_sess03_pos1_ptx_f16_g48_s1024_cache_reuse_candidate_probe_ptx_f16_g48_s00_p03 role=probe_before extra_exp_probe=0 ITER=15198566 elapsed_s=12.3976 gap_s=0.0141475 trace_power_W=240.451 trace_status=pass delta_E_J=2981.02 net_E_J=1499.45 smid_ok=1
run_id=softmax_1784951191703_softmax_full_f16io_f32acc_ptx_ex2_approx_f16_r3 mode=softmax_full_f16io_f32acc pair_id=softmax_oratc_targeted_g48s1024_confirm_v1_20260725_sess03_pos1_ptx_f16_g48_s1024_cache_reuse_candidate_probe_ptx_f16_g48_s00_p03 role=full extra_exp_probe=1 ITER=15198566 elapsed_s=12.4099 gap_s=0.0132865 trace_power_W=240.953 trace_status=pass delta_E_J=2990.2 net_E_J=1507.16 smid_ok=1
run_id=softmax_1784951204124_softmax_full_f16io_f32acc_ptx_ex2_approx_f16_r3 mode=softmax_full_f16io_f32acc pair_id=softmax_oratc_targeted_g48s1024_confirm_v1_20260725_sess03_pos1_ptx_f16_g48_s1024_cache_reuse_candidate_probe_ptx_f16_g48_s00_p03 role=probe_after extra_exp_probe=0 ITER=15198566 elapsed_s=12.3888 gap_s=0.0105533 trace_power_W=240.063 trace_status=pass delta_E_J=2974.09 net_E_J=1493.58 smid_ok=1
run_id=softmax_1784951216524_softmax_full_f16io_f32acc_ptx_ex2_approx_f16_r4 mode=softmax_full_f16io_f32acc pair_id=softmax_oratc_targeted_g48s1024_confirm_v1_20260725_sess03_pos1_ptx_f16_g48_s1024_cache_reuse_candidate_probe_ptx_f16_g48_s00_p04 role=probe_before extra_exp_probe=0 ITER=15198566 elapsed_s=12.3979 gap_s=0.0105322 trace_power_W=240.235 trace_status=pass delta_E_J=2978.41 net_E_J=1496.81 smid_ok=1
run_id=softmax_1784951228936_softmax_full_f16io_f32acc_ptx_ex2_approx_f16_r4 mode=softmax_full_f16io_f32acc pair_id=softmax_oratc_targeted_g48s1024_confirm_v1_20260725_sess03_pos1_ptx_f16_g48_s1024_cache_reuse_candidate_probe_ptx_f16_g48_s00_p04 role=full extra_exp_probe=1 ITER=15198566 elapsed_s=12.4167 gap_s=0.0143125 trace_power_W=245.326 trace_status=pass delta_E_J=3046.16 net_E_J=1562.3 smid_ok=1
run_id=softmax_1784951241368_softmax_full_f16io_f32acc_ptx_ex2_approx_f16_r4 mode=softmax_full_f16io_f32acc pair_id=softmax_oratc_targeted_g48s1024_confirm_v1_20260725_sess03_pos1_ptx_f16_g48_s1024_cache_reuse_candidate_probe_ptx_f16_g48_s00_p04 role=probe_after extra_exp_probe=0 ITER=15198566 elapsed_s=12.3927 gap_s=0.0147004 trace_power_W=240.093 trace_status=pass delta_E_J=2975.41 net_E_J=1494.42 smid_ok=1
run_id=softmax_1784951253770_softmax_full_f16io_f32acc_ptx_ex2_approx_f16_r5 mode=softmax_full_f16io_f32acc pair_id=softmax_oratc_targeted_g48s1024_confirm_v1_20260725_sess03_pos1_ptx_f16_g48_s1024_cache_reuse_candidate_probe_ptx_f16_g48_s00_p05 role=full_before extra_exp_probe=1 ITER=15198566 elapsed_s=12.405 gap_s=0.00956243 trace_power_W=241.071 trace_status=pass delta_E_J=2990.49 net_E_J=1508.04 smid_ok=1
run_id=softmax_1784951266186_softmax_full_f16io_f32acc_ptx_ex2_approx_f16_r5 mode=softmax_full_f16io_f32acc pair_id=softmax_oratc_targeted_g48s1024_confirm_v1_20260725_sess03_pos1_ptx_f16_g48_s1024_cache_reuse_candidate_probe_ptx_f16_g48_s00_p05 role=probe_middle extra_exp_probe=0 ITER=15198566 elapsed_s=12.3905 gap_s=0.0106201 trace_power_W=239.931 trace_status=pass delta_E_J=2972.87 net_E_J=1492.15 smid_ok=1
run_id=softmax_1784951278587_softmax_full_f16io_f32acc_ptx_ex2_approx_f16_r5 mode=softmax_full_f16io_f32acc pair_id=softmax_oratc_targeted_g48s1024_confirm_v1_20260725_sess03_pos1_ptx_f16_g48_s1024_cache_reuse_candidate_probe_ptx_f16_g48_s00_p05 role=full_after extra_exp_probe=1 ITER=15198566 elapsed_s=12.4189 gap_s=0.0104424 trace_power_W=240.605 trace_status=pass delta_E_J=2988.04 net_E_J=1503.93 smid_ok=1
raw_csv=results/raw/rtx3090_fp16_softmax_operand_rate_atc_targeted_g48s1024_confirm_v1_20260725_sess03_pos1_ptx_f16_g48_s1024_ptx_f16_raw.csv
manifest_csv=results/raw/rtx3090_fp16_softmax_operand_rate_atc_targeted_g48s1024_confirm_v1_20260725_sess03_pos1_ptx_f16_g48_s1024_ptx_f16_manifest.csv
energy_trace_csv=results/raw/rtx3090_fp16_softmax_operand_rate_atc_targeted_g48s1024_confirm_v1_20260725_sess03_pos1_ptx_f16_g48_s1024_ptx_f16_raw_energy_trace.csv
binary_sha256=eeda8c0a1df3628d04c5bf15a486ba3dd0fc43935fbc51a18505a1dffb409b66

analyzer_command=python3 scripts/analyze_softmax_probe_counterbalanced.py --input results/raw/rtx3090_fp16_softmax_operand_rate_atc_targeted_g48s1024_confirm_v1_20260725_sess03_pos1_ptx_f16_g48_s1024_ptx_f16_raw.csv --energy-trace-input results/raw/rtx3090_fp16_softmax_operand_rate_atc_targeted_g48s1024_confirm_v1_20260725_sess03_pos1_ptx_f16_g48_s1024_ptx_f16_raw_energy_trace.csv --manifest results/raw/rtx3090_fp16_softmax_operand_rate_atc_targeted_g48s1024_confirm_v1_20260725_sess03_pos1_ptx_f16_g48_s1024_ptx_f16_manifest.csv --exp-impl ptx_f16 --grid-blocks 48 --triplet-out results/summary/rtx3090_softmax_ex2_targeted_targeted_g48s1024_confirm_v1_20260725_sess03_pos1_ptx_f16_g48_s1024_triplets.csv --matched-out results/summary/rtx3090_softmax_ex2_targeted_targeted_g48s1024_confirm_v1_20260725_sess03_pos1_ptx_f16_g48_s1024_matched.csv --summary-out results/summary/rtx3090_softmax_ex2_targeted_targeted_g48s1024_confirm_v1_20260725_sess03_pos1_ptx_f16_g48_s1024_summary.csv --report-out docs/results/rtx3090_softmax_ex2_targeted_targeted_g48s1024_confirm_v1_20260725_sess03_pos1_ptx_f16_g48_s1024_ko.md --decision-stage pilot --energy-trace-min-fit-points 16 --bootstrap-samples 4000 --seed 20267788
triplet_out=results/summary/rtx3090_softmax_ex2_targeted_targeted_g48s1024_confirm_v1_20260725_sess03_pos1_ptx_f16_g48_s1024_triplets.csv
matched_out=results/summary/rtx3090_softmax_ex2_targeted_targeted_g48s1024_confirm_v1_20260725_sess03_pos1_ptx_f16_g48_s1024_matched.csv
summary_out=results/summary/rtx3090_softmax_ex2_targeted_targeted_g48s1024_confirm_v1_20260725_sess03_pos1_ptx_f16_g48_s1024_summary.csv
verdict=not_identified
